Archive member included because of file (symbol)

contiki-OrisenStamp.a(rimeaddr.o)
                              obj_OrisenStamp/contiki-stamp-main.o (rimeaddr_copy)
contiki-OrisenStamp.a(rime.o)
                              obj_OrisenStamp/contiki-stamp-main.o (rime_driver)
contiki-OrisenStamp.a(rimestats.o)
                              contiki-OrisenStamp.a(rime.o) (rimestats)
contiki-OrisenStamp.a(announcement.o)
                              contiki-OrisenStamp.a(rime.o) (announcement_init)
contiki-OrisenStamp.a(broadcast-annou)
                              contiki-OrisenStamp.a(rime.o) (broadcast_announcement_init)
contiki-OrisenStamp.a(broadcast.o)
                              contiki-OrisenStamp.a(broadcast-annou) (broadcast_send)
contiki-OrisenStamp.a(abc.o)  contiki-OrisenStamp.a(rime.o) (abc_input)
contiki-OrisenStamp.a(mesh.o)
                              obj_OrisenStamp/mesh_my.o (mesh_send)
contiki-OrisenStamp.a(route.o)
                              contiki-OrisenStamp.a(mesh.o) (route_refresh)
contiki-OrisenStamp.a(route-discovery)
                              contiki-OrisenStamp.a(mesh.o) (route_discovery_discover)
contiki-OrisenStamp.a(rudolph1.o)
                              obj_OrisenStamp/rudolph1_my.o (rudolph1_stop)
contiki-OrisenStamp.a(chameleon.o)
                              contiki-OrisenStamp.a(rime.o) (chameleon_parse)
contiki-OrisenStamp.a(channel.o)
                              contiki-OrisenStamp.a(abc.o) (channel_close)
contiki-OrisenStamp.a(chameleon-bitop)
                              contiki-OrisenStamp.a(chameleon.o) (chameleon_bitopt)
contiki-OrisenStamp.a(nullrdc.o)
                              obj_OrisenStamp/contiki-stamp-main.o (nullrdc_driver)
contiki-OrisenStamp.a(mac.o)  contiki-OrisenStamp.a(nullrdc.o) (mac_call_sent_callback)
contiki-OrisenStamp.a(framer-802154.o)
                              contiki-OrisenStamp.a(nullrdc.o) (framer_802154)
contiki-OrisenStamp.a(csma.o)
                              obj_OrisenStamp/contiki-stamp-main.o (csma_driver)
contiki-OrisenStamp.a(process.o)
                              obj_OrisenStamp/uart2_handler.o (process_alloc_event)
contiki-OrisenStamp.a(autostart.o)
                              obj_OrisenStamp/contiki-stamp-main.o (autostart_start)
contiki-OrisenStamp.a(serial-line.o)
                              boot.co (serial_line_init)
contiki-OrisenStamp.a(memb.o)
                              contiki-OrisenStamp.a(route.o) (memb_alloc)
contiki-OrisenStamp.a(list.o)
                              contiki-OrisenStamp.a(announcement.o) (list_init)
contiki-OrisenStamp.a(etimer.o)
                              obj_OrisenStamp/commands.o (etimer_expired)
contiki-OrisenStamp.a(ctimer.o)
                              contiki-OrisenStamp.a(broadcast-annou) (ctimer_stop)
contiki-OrisenStamp.a(random.o)
                              contiki-OrisenStamp.a(broadcast-annou) (random_rand)
contiki-OrisenStamp.a(ringbuf.o)
                              contiki-OrisenStamp.a(serial-line.o) (ringbuf_init)
contiki-OrisenStamp.a(packetbuf.o)
                              contiki-OrisenStamp.a(chameleon-bitop) (packetbuf_hdrreduce)
contiki-OrisenStamp.a(queuebuf.o)
                              contiki-OrisenStamp.a(mesh.o) (queuebuf_to_packetbuf)
contiki-OrisenStamp.a(serial-shell.o)
                              boot.co (serial_shell_init)
contiki-OrisenStamp.a(shell.o)
                              obj_OrisenStamp/uart2_handler.o (shell_input)
contiki-OrisenStamp.a(shell-reboot.o)
                              obj_OrisenStamp/commands.o (shell_reboot_init)
contiki-OrisenStamp.a(shell-file.o)
                              boot.co (shell_file_init)
contiki-OrisenStamp.a(clock.o)
                              obj_OrisenStamp/contiki-stamp-main.o (clock_init)
contiki-OrisenStamp.a(button-sensor.o)
                              obj_OrisenStamp/mesh_my.o (button_sensor)
contiki-OrisenStamp.a(sensors.o)
                              contiki-OrisenStamp.a(button-sensor.o) (sensors_changed)
contiki-OrisenStamp.a(uSDcard.o)
                              obj_OrisenStamp/settings_read.o (uSDcard_power_down)
contiki-OrisenStamp.a(ff.o)   contiki-OrisenStamp.a(uSDcard.o) (f_mount)
contiki-OrisenStamp.a(diskio.o)
                              contiki-OrisenStamp.a(uSDcard.o) (disk_initialize)
contiki-OrisenStamp.a(cfs-fat.o)
                              contiki-OrisenStamp.a(shell-file.o) (cfs_remove)
contiki-OrisenStamp.a(RTC.o)  obj_OrisenStamp/uart2_handler.o (RTC_getTime)
contiki-OrisenStamp.a(kbi_events.o)
                              obj_OrisenStamp/contiki-stamp-main.o (kbi_event_process)
contiki-OrisenStamp.a(io-pins.o)
                              obj_OrisenStamp/contiki-stamp-main.o (ioPins_init)
contiki-OrisenStamp.a(watchdog.o)
                              contiki-OrisenStamp.a(shell-reboot.o) (watchdog_reboot)
contiki-OrisenStamp.a(contiki-crm.o)
[...]
Memory Configuration

Name             Origin             Length             Attributes
ram              0x00400000         0x00018000         xrw
*default*        0x00000000         0xffffffff

Linker script and memory map

LOAD boot.co
LOAD obj_OrisenStamp/commands.o
LOAD obj_OrisenStamp/uart2_handler.o
LOAD obj_OrisenStamp/mesh_my.o
LOAD obj_OrisenStamp/rudolph1_my.o
LOAD obj_OrisenStamp/settings_read.o
LOAD obj_OrisenStamp/uarts_test.o
LOAD obj_OrisenStamp/contiki-stamp-main.o
LOAD obj_OrisenStamp/start.o
LOAD contiki-OrisenStamp.a
LOAD contiki-OrisenStamp.a
START GROUP
LOAD /home/user/CodeSourcery/Sourcery_G++_Lite/bin/../lib/gcc/arm-none-eabi/4.3.2/libgcc.a
LOAD /home/user/CodeSourcery/Sourcery_G++_Lite/bin/../lib/gcc/arm-none-eabi/4.3.2/../../../../arm-none-eabi/lib/libc.a
END GROUP
                0x00000400                SYS_STACK_SIZE = 0x400
                0x00000100                IRQ_STACK_SIZE = 0x100
                0x00000100                FIQ_STACK_SIZE = 0x100
                0x00000100                SVC_STACK_SIZE = 0x100
                0x00000010                ABT_STACK_SIZE = 0x10
                0x00000010                UND_STACK_SIZE = 0x10
                0x00001000                HEAP_SIZE = 0x1000
                0x00400000                PROVIDE (__executable_start, 0x400000)
                0x00400000                . = 0x400000

.text           0x00400000     0xf014
 *(.start)
 .start         0x00400000      0x8b4 obj_OrisenStamp/start.o
                0x00400890                _bss_start
                0x00400894                _bss_end
                0x00400000                _start
 *(.irq)
 .irq           0x004008b4      0x214 contiki-OrisenStamp.a(isr.o)
                0x004008b4                irq
 *(.text .stub .text.* .gnu.linkonce.t.*)
 .text.process_thread_boot_process
                0x00400ac8      0x140 boot.co
 .text.process_thread_uart2_log_disable_process
                0x00400c08       0x24 obj_OrisenStamp/commands.o
 .text.process_thread_uart2_log_enable_process
                0x00400c2c       0x24 obj_OrisenStamp/commands.o
 .text.process_thread_uart2_shell_disable_process
                0x00400c50       0x24 obj_OrisenStamp/commands.o
 .text.process_thread_uart2_shell_enable_process
                0x00400c74       0x24 obj_OrisenStamp/commands.o
 .text.process_thread_uart1_shell_disable_process
                0x00400c98       0x38 obj_OrisenStamp/commands.o
 .text.process_thread_uart1_shell_enable_process
                0x00400cd0       0x3c obj_OrisenStamp/commands.o
 .text.process_thread_testcmd_process
                0x00400d0c       0x2c obj_OrisenStamp/commands.o
 .text.process_thread_rudolph1_set_file_process
                0x00400d38       0x3c obj_OrisenStamp/commands.o
 .text.process_thread_mesh_send_process
                0x00400d74      0x130 obj_OrisenStamp/commands.o
 .text.process_thread_uart2_send
                0x00400ea4       0x44 obj_OrisenStamp/commands.o
 .text.process_thread_rudolph1_send_process
                0x00400ee8      0x190 obj_OrisenStamp/commands.o
 .text.process_thread_rudolph1_end_process
                0x00401078       0x34 obj_OrisenStamp/commands.o
 .text.process_thread_rudolph1_start_process
                0x004010ac       0x34 obj_OrisenStamp/commands.o
 .text.process_thread_mesh_end_process
                0x004010e0       0x34 obj_OrisenStamp/commands.o
 .text.process_thread_mesh_start_process
                0x00401114       0x34 obj_OrisenStamp/commands.o
 .text.process_thread_rimeaddr_change_process
                0x00401148       0x50 obj_OrisenStamp/commands.o
 .text.process_thread_ble_process
                0x00401198       0x78 obj_OrisenStamp/commands.o
 .text.process_thread_lcd_process
                0x00401210      0x10c obj_OrisenStamp/commands.o
 .text.process_thread_led_process
                0x0040131c       0xb0 obj_OrisenStamp/commands.o
 .text.commands_init
                0x004013cc       0xe4 obj_OrisenStamp/commands.o
                0x004013cc                commands_init
                0x004013d4                .real_start_ofcommands_init
 .text.process_thread_uart2_serial_input_process
                0x004014b0       0x54 obj_OrisenStamp/uart2_handler.o
 .text.process_thread_uart2_log_process
                0x00401504      0x14c obj_OrisenStamp/uart2_handler.o
 .text.process_thread_uart2_process
                0x00401650       0xa0 obj_OrisenStamp/uart2_handler.o
 .text.uart2_serial_input_exit
                0x004016f0       0x34 obj_OrisenStamp/uart2_handler.o
                0x004016f8                .real_start_ofuart2_serial_input_exit
                0x004016f0                uart2_serial_input_exit
 .text.uart2_log_exit
                0x00401724       0x34 obj_OrisenStamp/uart2_handler.o
                0x00401724                uart2_log_exit
                0x0040172c                .real_start_ofuart2_log_exit
 .text.uart2_serial_input_init
                0x00401758       0x38 obj_OrisenStamp/uart2_handler.o
                0x00401760                .real_start_ofuart2_serial_input_init
                0x00401758                uart2_serial_input_init
 .text.uart2_log_init
                0x00401790       0x38 obj_OrisenStamp/uart2_handler.o
                0x00401798                .real_start_ofuart2_log_init
                0x00401790                uart2_log_init
 .text.uart2_handler_init
                0x004017c8       0x28 obj_OrisenStamp/uart2_handler.o
                0x004017d0                .real_start_ofuart2_handler_init
                0x004017c8                uart2_handler_init
 .text.mesh_set_dest
                0x004017f0       0x2c obj_OrisenStamp/mesh_my.o
                0x004017f8                .real_start_ofmesh_set_dest
                0x004017f0                mesh_set_dest
 .text.timedout
                0x0040181c       0x1c obj_OrisenStamp/mesh_my.o
 .text.process_thread_mesh_process
                0x00401838      0x150 obj_OrisenStamp/mesh_my.o
 .text.sent     0x00401988       0x34 obj_OrisenStamp/mesh_my.o
 .text.recv     0x004019bc       0xd4 obj_OrisenStamp/mesh_my.o
 .text.mesh_exit
                0x00401a90       0x24 obj_OrisenStamp/mesh_my.o
                0x00401a90                mesh_exit
                0x00401a98                .real_start_ofmesh_exit
 .text.mesh_init
                0x00401ab4       0x28 obj_OrisenStamp/mesh_my.o
                0x00401abc                .real_start_ofmesh_init
                0x00401ab4                mesh_init
 .text.rudolph1_set_filename
                0x00401adc       0x1c obj_OrisenStamp/rudolph1_my.o
                0x00401ae4                .real_start_ofrudolph1_set_filename
                0x00401adc                rudolph1_set_filename
 .text.process_thread_rudolph1_process
                0x00401af8       0xe4 obj_OrisenStamp/rudolph1_my.o
 .text.read_chunk
                0x00401bdc      0x10c obj_OrisenStamp/rudolph1_my.o
 .text.write_chunk
                0x00401ce8      0x178 obj_OrisenStamp/rudolph1_my.o
 .text.rudolph1_exit
                0x00401e60       0x24 obj_OrisenStamp/rudolph1_my.o
                0x00401e68                .real_start_ofrudolph1_exit
                0x00401e60                rudolph1_exit
 .text.rudolph1_init
                0x00401e84       0x28 obj_OrisenStamp/rudolph1_my.o
                0x00401e8c                .real_start_ofrudolph1_init
                0x00401e84                rudolph1_init
 .text.process_thread_settings_load_process
                0x00401eac      0x1bc obj_OrisenStamp/settings_read.o
 .text.load_settings
                0x00402068       0x28 obj_OrisenStamp/settings_read.o
                0x00402070                .real_start_ofload_settings
                0x00402068                load_settings
 .text.process_thread_uarts_test
                0x00402090       0xb4 obj_OrisenStamp/uarts_test.o
 .text.uarts_test_init
                0x00402144       0x28 obj_OrisenStamp/uarts_test.o
                0x00402144                uarts_test_init
                0x0040214c                .real_start_ofuarts_test_init
 .text.sd_card_switch_init
                0x0040216c       0x44 obj_OrisenStamp/contiki-stamp-main.o
                0x0040216c                sd_card_switch_init
                0x00402174                .real_start_ofsd_card_switch_init
 .text.kbi4_init
                0x004021b0       0x64 obj_OrisenStamp/contiki-stamp-main.o
                0x004021b8                .real_start_ofkbi4_init
                0x004021b0                kbi4_init
 .text.kbi5_init
                0x00402214       0x68 obj_OrisenStamp/contiki-stamp-main.o
                0x00402214                kbi5_init
                0x0040221c                .real_start_ofkbi5_init
 .text.print_welcome
                0x0040227c       0x40 obj_OrisenStamp/contiki-stamp-main.o
                0x0040227c                print_welcome
                0x00402284                .real_start_ofprint_welcome
 .text.set_rimeaddr
                0x004022bc      0x104 obj_OrisenStamp/contiki-stamp-main.o
                0x004022bc                set_rimeaddr
                0x004022c4                .real_start_ofset_rimeaddr
 .text.stamp_init
                0x004023c0       0xd8 obj_OrisenStamp/contiki-stamp-main.o
                0x004023c8                .real_start_ofstamp_init
                0x004023c0                stamp_init
 .text.init_lowlevel
                0x00402498       0x60 obj_OrisenStamp/contiki-stamp-main.o
                0x00402498                init_lowlevel
                0x004024a0                .real_start_ofinit_lowlevel
 .text.main     0x004024f8      0x1e4 obj_OrisenStamp/contiki-stamp-main.o
                0x00402500                .real_start_ofmain
                0x004024f8                main
 .text.rimeaddr_copy
                0x004026dc       0x14 contiki-OrisenStamp.a(rimeaddr.o)
                0x004026dc                rimeaddr_copy
                0x004026e4                .real_start_ofrimeaddr_copy
 .text.rimeaddr_cmp
                0x004026f0       0x2c contiki-OrisenStamp.a(rimeaddr.o)
                0x004026f8                .real_start_ofrimeaddr_cmp
                0x004026f0                rimeaddr_cmp
 .text.rimeaddr_set_node_addr
                0x0040271c       0x28 contiki-OrisenStamp.a(rimeaddr.o)
                0x0040271c                rimeaddr_set_node_addr
                0x00402724                .real_start_ofrimeaddr_set_node_addr
 .text.input    0x00402744       0x60 contiki-OrisenStamp.a(rime.o)
 .text.init     0x004027a4       0x50 contiki-OrisenStamp.a(rime.o)
 .text.rime_output
                0x004027f4       0x50 contiki-OrisenStamp.a(rime.o)
                0x004027fc                .real_start_ofrime_output
                0x004027f4                rime_output
 .text.packet_sent
                0x00402844       0x50 contiki-OrisenStamp.a(rime.o)
 .text.announcement_register_observer_callback
                0x00402894       0x14 contiki-OrisenStamp.a(announcement.o)
                0x00402894                announcement_register_observer_callback
                0x0040289c                .real_start_ofannouncement_register_observer_callback
 .text.announcement_list
                0x004028a8       0x24 contiki-OrisenStamp.a(announcement.o)
                0x004028b0                .real_start_ofannouncement_list
                0x004028a8                announcement_list
 .text.announcement_heard
                0x004028cc       0x50 contiki-OrisenStamp.a(announcement.o)
                0x004028cc                announcement_heard
                0x004028d4                .real_start_ofannouncement_heard
 .text.announcement_init
                0x0040291c       0x24 contiki-OrisenStamp.a(announcement.o)
                0x00402924                .real_start_ofannouncement_init
                0x0040291c                announcement_init
 .text.adv_packet_sent
                0x00402940        0x4 contiki-OrisenStamp.a(broadcast-annou)
 .text.broadcast_announcement_init
                0x00402944       0x54 contiki-OrisenStamp.a(broadcast-annou)
                0x0040294c                .real_start_ofbroadcast_announcement_init
                0x00402944                broadcast_announcement_init
 .text.adv_packet_received
                0x00402998       0x7c contiki-OrisenStamp.a(broadcast-annou)
 .text.set_timers
                0x00402a14       0x54 contiki-OrisenStamp.a(broadcast-annou)
 .text.new_announcement
                0x00402a68       0x28 contiki-OrisenStamp.a(broadcast-annou)
 .text.send_timer
                0x00402a90       0x2c contiki-OrisenStamp.a(broadcast-annou)
 .text.send_adv
                0x00402abc       0x8c contiki-OrisenStamp.a(broadcast-annou)
 .text.sent_by_abc
                0x00402b48       0x18 contiki-OrisenStamp.a(broadcast.o)
 .text.broadcast_send
                0x00402b60       0x38 contiki-OrisenStamp.a(broadcast.o)
                0x00402b60                broadcast_send
                0x00402b68                .real_start_ofbroadcast_send
 .text.recv_from_abc
                0x00402b98       0x34 contiki-OrisenStamp.a(broadcast.o)
 .text.broadcast_close
                0x00402bcc       0x20 contiki-OrisenStamp.a(broadcast.o)
                0x00402bcc                broadcast_close
                0x00402bd4                .real_start_ofbroadcast_close
 .text.broadcast_open
                0x00402bec       0x40 contiki-OrisenStamp.a(broadcast.o)
                0x00402bec                broadcast_open
                0x00402bf4                .real_start_ofbroadcast_open
 .text.abc_input
                0x00402c2c       0x1c contiki-OrisenStamp.a(abc.o)
                0x00402c2c                abc_input
                0x00402c34                .real_start_ofabc_input
 .text.abc_sent
                0x00402c48       0x20 contiki-OrisenStamp.a(abc.o)
                0x00402c48                abc_sent
                0x00402c50                .real_start_ofabc_sent
 .text.abc_send
                0x00402c68       0x20 contiki-OrisenStamp.a(abc.o)
                0x00402c68                abc_send
                0x00402c70                .real_start_ofabc_send
 .text.abc_close
                0x00402c88       0x20 contiki-OrisenStamp.a(abc.o)
                0x00402c90                .real_start_ofabc_close
                0x00402c88                abc_close
 .text.abc_open
                0x00402ca8       0x38 contiki-OrisenStamp.a(abc.o)
                0x00402ca8                abc_open
                0x00402cb0                .real_start_ofabc_open
 .text.mesh_send
                0x00402ce0       0x34 contiki-OrisenStamp.a(mesh.o)
                0x00402ce8                .real_start_ofmesh_send
                0x00402ce0                mesh_send
 .text.mesh_close
                0x00402d14       0x30 contiki-OrisenStamp.a(mesh.o)
                0x00402d1c                .real_start_ofmesh_close
                0x00402d14                mesh_close
 .text.mesh_open
                0x00402d44       0x5c contiki-OrisenStamp.a(mesh.o)
                0x00402d4c                .real_start_ofmesh_open
                0x00402d44                mesh_open
 .text.route_timed_out
                0x00402da0       0x3c contiki-OrisenStamp.a(mesh.o)
 .text.found_route
                0x00402ddc       0x7c contiki-OrisenStamp.a(mesh.o)
 .text.data_packet_forward
                0x00402e58       0x7c contiki-OrisenStamp.a(mesh.o)
 .text.data_packet_received
                0x00402ed4       0x44 contiki-OrisenStamp.a(mesh.o)
 .text.route_refresh
                0x00402f18       0x18 contiki-OrisenStamp.a(route.o)
                0x00402f18                route_refresh
                0x00402f20                .real_start_ofroute_refresh
 .text.route_lookup
                0x00402f30       0x68 contiki-OrisenStamp.a(route.o)
                0x00402f38                .real_start_ofroute_lookup
                0x00402f30                route_lookup
 .text.route_add
                0x00402f98       0xb0 contiki-OrisenStamp.a(route.o)
                0x00402f98                route_add
                0x00402fa0                .real_start_ofroute_add
 .text.route_init
                0x00403048       0x50 contiki-OrisenStamp.a(route.o)
                0x00403048                route_init
                0x00403050                .real_start_ofroute_init
 .text.periodic
                0x00403098       0x7c contiki-OrisenStamp.a(route.o)
 .text.timeout_handler
                0x00403114       0x28 contiki-OrisenStamp.a(route-discovery)
 .text.route_discovery_discover
                0x0040313c       0xb0 contiki-OrisenStamp.a(route-discovery)
                0x00403144                .real_start_ofroute_discovery_discover
                0x0040313c                route_discovery_discover
 .text.route_discovery_close
                0x004031ec       0x3c contiki-OrisenStamp.a(route-discovery)
                0x004031f4                .real_start_ofroute_discovery_close
                0x004031ec                route_discovery_close
 .text.route_discovery_open
                0x00403228       0x4c contiki-OrisenStamp.a(route-discovery)
                0x00403228                route_discovery_open
                0x00403230                .real_start_ofroute_discovery_open
 .text.insert_route
                0x00403274       0x18 contiki-OrisenStamp.a(route-discovery)
 .text.rrep_packet_received
                0x0040328c       0xc0 contiki-OrisenStamp.a(route-discovery)
 .text.rreq_packet_received
                0x0040334c       0xfc contiki-OrisenStamp.a(route-discovery)
 .text.write_data
                0x00403448       0x54 contiki-OrisenStamp.a(rudolph1.o)
 .text.sent_ipolite
                0x0040349c        0x4 contiki-OrisenStamp.a(rudolph1.o)
 .text.dropped_ipolite
                0x004034a0        0x4 contiki-OrisenStamp.a(rudolph1.o)
 .text.format_data
                0x004034a4       0x64 contiki-OrisenStamp.a(rudolph1.o)
 .text.rudolph1_send
                0x00403508       0x6c contiki-OrisenStamp.a(rudolph1.o)
                0x00403510                .real_start_ofrudolph1_send
                0x00403508                rudolph1_send
 .text.send_next_packet
                0x00403574       0x84 contiki-OrisenStamp.a(rudolph1.o)
 .text.rudolph1_close
                0x004035f8       0x30 contiki-OrisenStamp.a(rudolph1.o)
                0x00403600                .real_start_ofrudolph1_close
                0x004035f8                rudolph1_close
 .text.rudolph1_open
                0x00403628       0x60 contiki-OrisenStamp.a(rudolph1.o)
                0x00403630                .real_start_ofrudolph1_open
                0x00403628                rudolph1_open
 .text.send_nack
                0x00403688       0x54 contiki-OrisenStamp.a(rudolph1.o)
 .text.handle_data
                0x004036dc       0xac contiki-OrisenStamp.a(rudolph1.o)
 .text.recv_ipolite
                0x00403788       0x8c contiki-OrisenStamp.a(rudolph1.o)
 .text.recv_trickle
                0x00403814       0x2c contiki-OrisenStamp.a(rudolph1.o)
 .text.packetbuf_set_attr
                0x00403840       0x10 contiki-OrisenStamp.a(chameleon.o)
 .text.chameleon_parse
                0x00403850       0x38 contiki-OrisenStamp.a(chameleon.o)
                0x00403850                chameleon_parse
                0x00403858                .real_start_ofchameleon_parse
 .text.chameleon_create
                0x00403888       0x38 contiki-OrisenStamp.a(chameleon.o)
                0x00403888                chameleon_create
                0x00403890                .real_start_ofchameleon_create
 .text.chameleon_hdrsize
                0x004038c0       0x20 contiki-OrisenStamp.a(chameleon.o)
                0x004038c0                chameleon_hdrsize
                0x004038c8                .real_start_ofchameleon_hdrsize
 .text.chameleon_init
                0x004038e0       0x20 contiki-OrisenStamp.a(chameleon.o)
                0x004038e0                chameleon_init
                0x004038e8                .real_start_ofchameleon_init
 .text.channel_lookup
                0x00403900       0x38 contiki-OrisenStamp.a(channel.o)
                0x00403900                channel_lookup
                0x00403908                .real_start_ofchannel_lookup
 .text.channel_close
                0x00403938       0x28 contiki-OrisenStamp.a(channel.o)
                0x00403940                .real_start_ofchannel_close
                0x00403938                channel_close
 .text.channel_open
                0x00403960       0x2c contiki-OrisenStamp.a(channel.o)
                0x00403960                channel_open
                0x00403968                .real_start_ofchannel_open
 .text.channel_set_attributes
                0x0040398c       0x38 contiki-OrisenStamp.a(channel.o)
                0x0040398c                channel_set_attributes
                0x00403994                .real_start_ofchannel_set_attributes
 .text.channel_init
                0x004039c4       0x24 contiki-OrisenStamp.a(channel.o)
                0x004039cc                .real_start_ofchannel_init
                0x004039c4                channel_init
 .text.get_bits_in_byte
                0x004039e8       0x2c contiki-OrisenStamp.a(chameleon-bitop)
                0x004039e8                get_bits_in_byte
                0x004039f0                .real_start_ofget_bits_in_byte
 .text.get_bits
                0x00403a14       0x9c contiki-OrisenStamp.a(chameleon-bitop)
                0x00403a1c                .real_start_ofget_bits
                0x00403a14                get_bits
 .text.header_size
                0x00403ab0       0x18 contiki-OrisenStamp.a(chameleon-bitop)
 .text.set_bits_in_byte
                0x00403ac8       0x2c contiki-OrisenStamp.a(chameleon-bitop)
                0x00403ad0                .real_start_ofset_bits_in_byte
                0x00403ac8                set_bits_in_byte
 .text.set_bits
                0x00403af4       0xa8 contiki-OrisenStamp.a(chameleon-bitop)
                0x00403af4                set_bits
                0x00403afc                .real_start_ofset_bits
 .text.pack_header
                0x00403b9c       0xb8 contiki-OrisenStamp.a(chameleon-bitop)
 .text.unpack_header
                0x00403c54       0xec contiki-OrisenStamp.a(chameleon-bitop)
 .text.packetbuf_addr
                0x00403d40       0x10 contiki-OrisenStamp.a(nullrdc.o)
 .text.on       0x00403d50       0x18 contiki-OrisenStamp.a(nullrdc.o)
 .text.off      0x00403d68       0x20 contiki-OrisenStamp.a(nullrdc.o)
 .text.channel_check_interval
                0x00403d88        0x4 contiki-OrisenStamp.a(nullrdc.o)
 .text.init     0x00403d8c       0x18 contiki-OrisenStamp.a(nullrdc.o)
 .text.packet_input
                0x00403da4       0x60 contiki-OrisenStamp.a(nullrdc.o)
 .text.send_packet
                0x00403e04       0x90 contiki-OrisenStamp.a(nullrdc.o)
 .text.send_list
                0x00403e94       0x30 contiki-OrisenStamp.a(nullrdc.o)
 .text.mac_call_sent_callback
                0x00403ec4       0x24 contiki-OrisenStamp.a(mac.o)
                0x00403ecc                .real_start_ofmac_call_sent_callback
                0x00403ec4                mac_call_sent_callback
 .text.packetbuf_set_attr
                0x00403ee8       0x10 contiki-OrisenStamp.a(framer-802154.o)
 .text.packetbuf_addr
                0x00403ef8       0x10 contiki-OrisenStamp.a(framer-802154.o)
 .text.packetbuf_set_addr
                0x00403f08       0x28 contiki-OrisenStamp.a(framer-802154.o)
 .text.parse    0x00403f30       0xc8 contiki-OrisenStamp.a(framer-802154.o)
 .text.create   0x00403ff8      0x15c contiki-OrisenStamp.a(framer-802154.o)
 .text.packetbuf_addr
                0x00404154       0x10 contiki-OrisenStamp.a(csma.o)
 .text.default_timebase
                0x00404164       0x20 contiki-OrisenStamp.a(csma.o)
 .text.input_packet
                0x00404184       0x18 contiki-OrisenStamp.a(csma.o)
 .text.on       0x0040419c       0x18 contiki-OrisenStamp.a(csma.o)
 .text.off      0x004041b4       0x18 contiki-OrisenStamp.a(csma.o)
 .text.channel_check_interval
                0x004041cc       0x20 contiki-OrisenStamp.a(csma.o)
 .text.transmit_packet_list
                0x004041ec       0x38 contiki-OrisenStamp.a(csma.o)
 .text.send_packet
                0x00404224      0x1cc contiki-OrisenStamp.a(csma.o)
 .text.free_first_packet
                0x004043f0       0xc4 contiki-OrisenStamp.a(csma.o)
 .text.packet_sent
                0x004044b4       0xf0 contiki-OrisenStamp.a(csma.o)
 .text.init     0x004045a4       0x30 contiki-OrisenStamp.a(csma.o)
 .text.process_alloc_event
                0x004045d4       0x18 contiki-OrisenStamp.a(process.o)
                0x004045dc                .real_start_ofprocess_alloc_event
                0x004045d4                process_alloc_event
 .text.process_init
                0x004045ec       0x40 contiki-OrisenStamp.a(process.o)
                0x004045ec                process_init
                0x004045f4                .real_start_ofprocess_init
 .text.process_post
                0x0040462c       0x68 contiki-OrisenStamp.a(process.o)
                0x0040462c                process_post
                0x00404634                .real_start_ofprocess_post
 .text.process_poll
                0x00404694       0x2c contiki-OrisenStamp.a(process.o)
                0x00404694                process_poll
                0x0040469c                .real_start_ofprocess_poll
 .text.process_is_running
                0x004046c0       0x10 contiki-OrisenStamp.a(process.o)
                0x004046c0                process_is_running
                0x004046c8                .real_start_ofprocess_is_running
 .text.exit_process
                0x004046d0       0xa4 contiki-OrisenStamp.a(process.o)
 .text.call_process
                0x00404774       0x50 contiki-OrisenStamp.a(process.o)
 .text.process_post_synch
                0x004047c4       0x28 contiki-OrisenStamp.a(process.o)
                0x004047cc                .real_start_ofprocess_post_synch
                0x004047c4                process_post_synch
 .text.process_start
                0x004047ec       0x44 contiki-OrisenStamp.a(process.o)
                0x004047f4                .real_start_ofprocess_start
                0x004047ec                process_start
 .text.do_poll  0x00404830       0x44 contiki-OrisenStamp.a(process.o)
 .text.process_run
                0x00404874       0xdc contiki-OrisenStamp.a(process.o)
                0x0040487c                .real_start_ofprocess_run
                0x00404874                process_run
 .text.process_exit
                0x00404950       0x28 contiki-OrisenStamp.a(process.o)
                0x00404958                .real_start_ofprocess_exit
                0x00404950                process_exit
 .text.autostart_start
                0x00404978       0x2c contiki-OrisenStamp.a(autostart.o)
                0x00404980                .real_start_ofautostart_start
                0x00404978                autostart_start
 .text.process_thread_serial_line_process
                0x004049a4      0x168 contiki-OrisenStamp.a(serial-line.o)
 .text.serial_line_init
                0x00404b0c       0x50 contiki-OrisenStamp.a(serial-line.o)
                0x00404b14                .real_start_ofserial_line_init
                0x00404b0c                serial_line_init
 .text.serial_line_input_byte
                0x00404b5c       0x9c contiki-OrisenStamp.a(serial-line.o)
                0x00404b64                .real_start_ofserial_line_input_byte
                0x00404b5c                serial_line_input_byte
 .text.memb_alloc
                0x00404bf8       0x38 contiki-OrisenStamp.a(memb.o)
                0x00404c00                .real_start_ofmemb_alloc
                0x00404bf8                memb_alloc
 .text.memb_free
                0x00404c30       0x40 contiki-OrisenStamp.a(memb.o)
                0x00404c30                memb_free
                0x00404c38                .real_start_ofmemb_free
 .text.memb_inmemb
                0x00404c70       0x34 contiki-OrisenStamp.a(memb.o)
                0x00404c78                .real_start_ofmemb_inmemb
                0x00404c70                memb_inmemb
 .text.memb_init
                0x00404ca4       0x34 contiki-OrisenStamp.a(memb.o)
                0x00404cac                .real_start_ofmemb_init
                0x00404ca4                memb_init
 .text.list_init
                0x00404cd8       0x10 contiki-OrisenStamp.a(list.o)
                0x00404ce0                .real_start_oflist_init
                0x00404cd8                list_init
 .text.list_head
                0x00404ce8        0xc contiki-OrisenStamp.a(list.o)
                0x00404ce8                list_head
                0x00404cf0                .real_start_oflist_head
 .text.list_tail
                0x00404cf4       0x20 contiki-OrisenStamp.a(list.o)
                0x00404cf4                list_tail
                0x00404cfc                .real_start_oflist_tail
 .text.list_chop
                0x00404d14       0x34 contiki-OrisenStamp.a(list.o)
                0x00404d14                list_chop
                0x00404d1c                .real_start_oflist_chop
 .text.list_pop
                0x00404d48       0x1c contiki-OrisenStamp.a(list.o)
                0x00404d50                .real_start_oflist_pop
                0x00404d48                list_pop
 .text.list_remove
                0x00404d64       0x38 contiki-OrisenStamp.a(list.o)
                0x00404d6c                .real_start_oflist_remove
                0x00404d64                list_remove
 .text.list_push
                0x00404d9c       0x28 contiki-OrisenStamp.a(list.o)
                0x00404d9c                list_push
                0x00404da4                .real_start_oflist_push
 .text.list_add
                0x00404dc4       0x3c contiki-OrisenStamp.a(list.o)
                0x00404dc4                list_add
                0x00404dcc                .real_start_oflist_add
 .text.list_length
                0x00404e00       0x1c contiki-OrisenStamp.a(list.o)
                0x00404e00                list_length
                0x00404e08                .real_start_oflist_length
 .text.list_insert
                0x00404e1c       0x2c contiki-OrisenStamp.a(list.o)
                0x00404e24                .real_start_oflist_insert
                0x00404e1c                list_insert
 .text.list_item_next
                0x00404e48       0x14 contiki-OrisenStamp.a(list.o)
                0x00404e48                list_item_next
                0x00404e50                .real_start_oflist_item_next
 .text.etimer_expired
                0x00404e5c       0x10 contiki-OrisenStamp.a(etimer.o)
                0x00404e64                .real_start_ofetimer_expired
                0x00404e5c                etimer_expired
 .text.etimer_pending
                0x00404e6c       0x18 contiki-OrisenStamp.a(etimer.o)
                0x00404e6c                etimer_pending
                0x00404e74                .real_start_ofetimer_pending
 .text.etimer_next_expiration_time
                0x00404e84       0x2c contiki-OrisenStamp.a(etimer.o)
                0x00404e84                etimer_next_expiration_time
                0x00404e8c                .real_start_ofetimer_next_expiration_time
 .text.update_time
                0x00404eb0       0x54 contiki-OrisenStamp.a(etimer.o)
 .text.etimer_stop
                0x00404f04       0x4c contiki-OrisenStamp.a(etimer.o)
                0x00404f04                etimer_stop
                0x00404f0c                .real_start_ofetimer_stop
 .text.etimer_request_poll
                0x00404f50       0x24 contiki-OrisenStamp.a(etimer.o)
                0x00404f58                .real_start_ofetimer_request_poll
                0x00404f50                etimer_request_poll
 .text.process_thread_etimer_process
                0x00404f74       0xc8 contiki-OrisenStamp.a(etimer.o)
 .text.add_timer
                0x0040503c       0x50 contiki-OrisenStamp.a(etimer.o)
 .text.etimer_reset
                0x0040508c       0x2c contiki-OrisenStamp.a(etimer.o)
                0x0040508c                etimer_reset
                0x00405094                .real_start_ofetimer_reset
 .text.etimer_set
                0x004050b8       0x2c contiki-OrisenStamp.a(etimer.o)
                0x004050b8                etimer_set
                0x004050c0                .real_start_ofetimer_set
 .text.process_thread_ctimer_process
                0x004050e4       0xa8 contiki-OrisenStamp.a(ctimer.o)
 .text.ctimer_stop
                0x0040518c       0x48 contiki-OrisenStamp.a(ctimer.o)
                0x00405194                .real_start_ofctimer_stop
                0x0040518c                ctimer_stop
 .text.ctimer_set
                0x004051d4       0x74 contiki-OrisenStamp.a(ctimer.o)
                0x004051d4                ctimer_set
                0x004051dc                .real_start_ofctimer_set
 .text.ctimer_init
                0x00405248       0x40 contiki-OrisenStamp.a(ctimer.o)
                0x00405250                .real_start_ofctimer_init
                0x00405248                ctimer_init
 .text.random_rand
                0x00405288       0x24 contiki-OrisenStamp.a(random.o)
                0x00405288                random_rand
                0x00405290                .real_start_ofrandom_rand
 .text.ringbuf_init
                0x004052ac       0x18 contiki-OrisenStamp.a(ringbuf.o)
                0x004052ac                ringbuf_init
                0x004052b4                .real_start_ofringbuf_init
 .text.ringbuf_put
                0x004052c4       0x34 contiki-OrisenStamp.a(ringbuf.o)
                0x004052c4                ringbuf_put
                0x004052cc                .real_start_ofringbuf_put
 .text.ringbuf_get
                0x004052f8       0x30 contiki-OrisenStamp.a(ringbuf.o)
                0x004052f8                ringbuf_get
                0x00405300                .real_start_ofringbuf_get
 .text.packetbuf_hdrreduce
                0x00405328       0x38 contiki-OrisenStamp.a(packetbuf.o)
                0x00405330                .real_start_ofpacketbuf_hdrreduce
                0x00405328                packetbuf_hdrreduce
 .text.packetbuf_set_datalen
                0x00405360       0x14 contiki-OrisenStamp.a(packetbuf.o)
                0x00405360                packetbuf_set_datalen
                0x00405368                .real_start_ofpacketbuf_set_datalen
 .text.packetbuf_dataptr
                0x00405374       0x20 contiki-OrisenStamp.a(packetbuf.o)
                0x0040537c                .real_start_ofpacketbuf_dataptr
                0x00405374                packetbuf_dataptr
 .text.packetbuf_hdrptr
                0x00405394       0x1c contiki-OrisenStamp.a(packetbuf.o)
                0x00405394                packetbuf_hdrptr
                0x0040539c                .real_start_ofpacketbuf_hdrptr
 .text.packetbuf_is_reference
                0x004053b0       0x24 contiki-OrisenStamp.a(packetbuf.o)
                0x004053b0                packetbuf_is_reference
                0x004053b8                .real_start_ofpacketbuf_is_reference
 .text.packetbuf_reference_ptr
                0x004053d4       0x14 contiki-OrisenStamp.a(packetbuf.o)
                0x004053d4                packetbuf_reference_ptr
                0x004053dc                .real_start_ofpacketbuf_reference_ptr
 .text.packetbuf_datalen
                0x004053e8       0x14 contiki-OrisenStamp.a(packetbuf.o)
                0x004053e8                packetbuf_datalen
                0x004053f0                .real_start_ofpacketbuf_datalen
 .text.packetbuf_hdrlen
                0x004053fc       0x1c contiki-OrisenStamp.a(packetbuf.o)
                0x004053fc                packetbuf_hdrlen
                0x00405404                .real_start_ofpacketbuf_hdrlen
 .text.packetbuf_totlen
                0x00405418       0x2c contiki-OrisenStamp.a(packetbuf.o)
                0x00405418                packetbuf_totlen
                0x00405420                .real_start_ofpacketbuf_totlen
 .text.packetbuf_hdralloc
                0x00405444       0x3c contiki-OrisenStamp.a(packetbuf.o)
                0x0040544c                .real_start_ofpacketbuf_hdralloc
                0x00405444                packetbuf_hdralloc
 .text.packetbuf_attr_copyfrom
                0x00405480       0x3c contiki-OrisenStamp.a(packetbuf.o)
                0x00405480                packetbuf_attr_copyfrom
                0x00405488                .real_start_ofpacketbuf_attr_copyfrom
 .text.packetbuf_attr_copyto
                0x004054bc       0x38 contiki-OrisenStamp.a(packetbuf.o)
                0x004054bc                packetbuf_attr_copyto
                0x004054c4                .real_start_ofpacketbuf_attr_copyto
 .text.packetbuf_copyto
                0x004054f4       0x74 contiki-OrisenStamp.a(packetbuf.o)
                0x004054f4                packetbuf_copyto
                0x004054fc                .real_start_ofpacketbuf_copyto
 .text.packetbuf_copyto_hdr
                0x00405568       0x3c contiki-OrisenStamp.a(packetbuf.o)
                0x00405568                packetbuf_copyto_hdr
                0x00405570                .real_start_ofpacketbuf_copyto_hdr
 .text.packetbuf_compact
                0x004055a4       0x7c contiki-OrisenStamp.a(packetbuf.o)
                0x004055ac                .real_start_ofpacketbuf_compact
                0x004055a4                packetbuf_compact
 .text.packetbuf_attr_clear
                0x00405620       0x5c contiki-OrisenStamp.a(packetbuf.o)
                0x00405628                .real_start_ofpacketbuf_attr_clear
                0x00405620                packetbuf_attr_clear
 .text.packetbuf_clear
                0x0040567c       0x4c contiki-OrisenStamp.a(packetbuf.o)
                0x00405684                .real_start_ofpacketbuf_clear
                0x0040567c                packetbuf_clear
 .text.packetbuf_copyfrom
                0x004056c8       0x50 contiki-OrisenStamp.a(packetbuf.o)
                0x004056c8                packetbuf_copyfrom
                0x004056d0                .real_start_ofpacketbuf_copyfrom
 .text.queuebuf_datalen
                0x00405718       0x10 contiki-OrisenStamp.a(queuebuf.o)
                0x00405718                queuebuf_datalen
                0x00405720                .real_start_ofqueuebuf_datalen
 .text.queuebuf_dataptr
                0x00405728       0x44 contiki-OrisenStamp.a(queuebuf.o)
                0x00405728                queuebuf_dataptr
                0x00405730                .real_start_ofqueuebuf_dataptr
 .text.queuebuf_to_packetbuf
                0x0040576c       0xa0 contiki-OrisenStamp.a(queuebuf.o)
                0x00405774                .real_start_ofqueuebuf_to_packetbuf
                0x0040576c                queuebuf_to_packetbuf
 .text.queuebuf_free
                0x0040580c       0x6c contiki-OrisenStamp.a(queuebuf.o)
                0x0040580c                queuebuf_free
                0x00405814                .real_start_ofqueuebuf_free
 .text.queuebuf_update_attr_from_packetbuf
                0x00405878       0x28 contiki-OrisenStamp.a(queuebuf.o)
                0x00405878                queuebuf_update_attr_from_packetbuf
                0x00405880                .real_start_ofqueuebuf_update_attr_from_packetbuf
 .text.queuebuf_new_from_packetbuf
                0x004058a0       0xb0 contiki-OrisenStamp.a(queuebuf.o)
                0x004058a0                queuebuf_new_from_packetbuf
                0x004058a8                .real_start_ofqueuebuf_new_from_packetbuf
 .text.queuebuf_init
                0x00405950       0x38 contiki-OrisenStamp.a(queuebuf.o)
                0x00405950                queuebuf_init
                0x00405958                .real_start_ofqueuebuf_init
 .text.shell_exit
                0x00405988        0xc contiki-OrisenStamp.a(serial-shell.o)
                0x00405990                .real_start_ofshell_exit
                0x00405988                shell_exit
 .text.process_thread_serial_shell_process
                0x00405994       0x64 contiki-OrisenStamp.a(serial-shell.o)
 .text.serial_shell_init
                0x004059f8       0x28 contiki-OrisenStamp.a(serial-shell.o)
                0x00405a00                .real_start_ofserial_shell_init
                0x004059f8                serial_shell_init
 .text.shell_prompt
                0x00405a20       0x30 contiki-OrisenStamp.a(serial-shell.o)
                0x00405a20                shell_prompt
                0x00405a28                .real_start_ofshell_prompt
 .text.shell_default_output
                0x00405a50       0x68 contiki-OrisenStamp.a(serial-shell.o)
                0x00405a50                shell_default_output
                0x00405a58                .real_start_ofshell_default_output
 .text.process_thread_shell_null_process
                0x00405ab8       0x44 contiki-OrisenStamp.a(shell.o)
 .text.shell_strtolong
                0x00405afc       0x60 contiki-OrisenStamp.a(shell.o)
                0x00405afc                shell_strtolong
                0x00405b04                .real_start_ofshell_strtolong
 .text.process_thread_shell_exit_process
                0x00405b5c       0x24 contiki-OrisenStamp.a(shell.o)
 .text.input_to_child_command
                0x00405b80       0x48 contiki-OrisenStamp.a(shell.o)
 .text.shell_input
                0x00405bc8       0x80 contiki-OrisenStamp.a(shell.o)
                0x00405bd0                .real_start_ofshell_input
                0x00405bc8                shell_input
 .text.shell_set_time
                0x00405c48       0x2c contiki-OrisenStamp.a(shell.o)
                0x00405c48                shell_set_time
                0x00405c50                .real_start_ofshell_set_time
 .text.shell_time
                0x00405c74       0x28 contiki-OrisenStamp.a(shell.o)
                0x00405c74                shell_time
                0x00405c7c                .real_start_ofshell_time
 .text.process_thread_shell_server_process
                0x00405c9c       0xbc contiki-OrisenStamp.a(shell.o)
 .text.shell_register_command
                0x00405d58       0x78 contiki-OrisenStamp.a(shell.o)
                0x00405d60                .real_start_ofshell_register_command
                0x00405d58                shell_register_command
 .text.shell_init
                0x00405dd0       0xac contiki-OrisenStamp.a(shell.o)
                0x00405dd0                shell_init
                0x00405dd8                .real_start_ofshell_init
 .text.shell_output
                0x00405e7c       0x44 contiki-OrisenStamp.a(shell.o)
                0x00405e7c                shell_output
                0x00405e84                .real_start_ofshell_output
 .text.shell_output_str
                0x00405ec0       0x74 contiki-OrisenStamp.a(shell.o)
                0x00405ec0                shell_output_str
                0x00405ec8                .real_start_ofshell_output_str
 .text.command_kill
                0x00405f34       0x38 contiki-OrisenStamp.a(shell.o)
 .text.killall  0x00405f6c       0x4c contiki-OrisenStamp.a(shell.o)
 .text.process_thread_shell_killall_process
                0x00405fb8       0x24 contiki-OrisenStamp.a(shell.o)
 .text.process_thread_shell_kill_process
                0x00405fdc       0xa8 contiki-OrisenStamp.a(shell.o)
 .text.process_thread_help_command_process
                0x00406084       0x5c contiki-OrisenStamp.a(shell.o)
 .text.start_command
                0x004060e0      0x17c contiki-OrisenStamp.a(shell.o)
 .text.shell_start_command
                0x0040625c       0x58 contiki-OrisenStamp.a(shell.o)
                0x0040625c                shell_start_command
                0x00406264                .real_start_ofshell_start_command
 .text.process_thread_shell_process
                0x004062b4       0xdc contiki-OrisenStamp.a(shell.o)
 .text.process_thread_shell_reboot_process
                0x00406390      0x100 contiki-OrisenStamp.a(shell-reboot.o)
 .text.shell_reboot_init
                0x00406490       0x24 contiki-OrisenStamp.a(shell-reboot.o)
                0x00406498                .real_start_ofshell_reboot_init
                0x00406490                shell_reboot_init
 .text.process_thread_shell_rm_process
                0x004064b4       0x40 contiki-OrisenStamp.a(shell-file.o)
 .text.process_thread_shell_read_process
                0x004064f4      0x1d8 contiki-OrisenStamp.a(shell-file.o)
 .text.process_thread_shell_write_process
                0x004066cc       0xf8 contiki-OrisenStamp.a(shell-file.o)
 .text.process_thread_shell_append_process
                0x004067c4       0xd4 contiki-OrisenStamp.a(shell-file.o)
 .text.process_thread_shell_ls_process
                0x00406898       0xd8 contiki-OrisenStamp.a(shell-file.o)
 .text.shell_file_init
                0x00406970       0x4c contiki-OrisenStamp.a(shell-file.o)
                0x00406978                .real_start_ofshell_file_init
                0x00406970                shell_file_init
 .text.clock_init
                0x004069bc       0x50 contiki-OrisenStamp.a(clock.o)
                0x004069bc                clock_init
                0x004069c4                .real_start_ofclock_init
 .text.clock_time
                0x00406a0c       0x14 contiki-OrisenStamp.a(clock.o)
                0x00406a14                .real_start_ofclock_time
                0x00406a0c                clock_time
 .text.clock_seconds
                0x00406a20       0x14 contiki-OrisenStamp.a(clock.o)
                0x00406a20                clock_seconds
                0x00406a28                .real_start_ofclock_seconds
 .text.clock_delay_usec
                0x00406a34       0x44 contiki-OrisenStamp.a(clock.o)
                0x00406a34                clock_delay_usec
                0x00406a3c                .real_start_ofclock_delay_usec
 .text.clock_delay_msec
                0x00406a78       0x30 contiki-OrisenStamp.a(clock.o)
                0x00406a78                clock_delay_msec
                0x00406a80                .real_start_ofclock_delay_msec
 .text.tmr0_isr
                0x00406aa8       0xa0 contiki-OrisenStamp.a(clock.o)
                0x00406ab0                .real_start_oftmr0_isr
                0x00406aa8                tmr0_isr
 .text.status   0x00406b48       0x1c contiki-OrisenStamp.a(button-sensor.o)
 .text.configure
                0x00406b64       0x4c contiki-OrisenStamp.a(button-sensor.o)
 .text.value    0x00406bb0       0x30 contiki-OrisenStamp.a(button-sensor.o)
 .text.kbi4_isr
                0x00406be0       0x34 contiki-OrisenStamp.a(button-sensor.o)
                0x00406be0                kbi4_isr
                0x00406be8                .real_start_ofkbi4_isr
 .text.get_sensor_index
                0x00406c14       0x28 contiki-OrisenStamp.a(sensors.o)
 .text.process_thread_sensors_process
                0x00406c3c       0xec contiki-OrisenStamp.a(sensors.o)
 .text.sensors_changed
                0x00406d28       0x40 contiki-OrisenStamp.a(sensors.o)
                0x00406d30                .real_start_ofsensors_changed
                0x00406d28                sensors_changed
 .text.get_fattime
                0x00406d68       0x5c contiki-OrisenStamp.a(uSDcard.o)
                0x00406d70                .real_start_ofget_fattime
                0x00406d68                get_fattime
 .text.uSDcard_power_down
                0x00406dc4        0xc contiki-OrisenStamp.a(uSDcard.o)
                0x00406dc4                uSDcard_power_down
                0x00406dcc                .real_start_ofuSDcard_power_down
 .text.put_rc   0x00406dd0       0x4c contiki-OrisenStamp.a(uSDcard.o)
                0x00406dd8                .real_start_ofput_rc
                0x00406dd0                put_rc
 .text.uSDcard_init
                0x00406e1c       0x40 contiki-OrisenStamp.a(uSDcard.o)
                0x00406e1c                uSDcard_init
                0x00406e24                .real_start_ofuSDcard_init
 .text.mem_cpy  0x00406e5c       0x20 contiki-OrisenStamp.a(ff.o)
 .text.mem_set  0x00406e7c       0x14 contiki-OrisenStamp.a(ff.o)
 .text.clust2sect
                0x00406e90       0x28 contiki-OrisenStamp.a(ff.o)
                0x00406e98                .real_start_ofclust2sect
                0x00406e90                clust2sect
 .text.f_mount  0x00406eb8       0x34 contiki-OrisenStamp.a(ff.o)
                0x00406eb8                f_mount
                0x00406ec0                .real_start_off_mount
 .text.validate
                0x00406eec       0x38 contiki-OrisenStamp.a(ff.o)
 .text.check_fs
                0x00406f24       0xbc contiki-OrisenStamp.a(ff.o)
 .text.chk_mounted
                0x00406fe0      0x3b0 contiki-OrisenStamp.a(ff.o)
 .text.move_window
                0x00407390       0x94 contiki-OrisenStamp.a(ff.o)
 .text.put_fat  0x00407424      0x148 contiki-OrisenStamp.a(ff.o)
                0x00407424                put_fat
                0x0040742c                .real_start_ofput_fat
 .text.get_fat  0x0040756c      0x104 contiki-OrisenStamp.a(ff.o)
                0x0040756c                get_fat
                0x00407574                .real_start_ofget_fat
 .text.dir_sdi  0x00407670       0xa0 contiki-OrisenStamp.a(ff.o)
 .text.create_chain
                0x00407710       0xb4 contiki-OrisenStamp.a(ff.o)
 .text.remove_chain
                0x004077c4       0x70 contiki-OrisenStamp.a(ff.o)
 .text.dir_next
                0x00407834      0x120 contiki-OrisenStamp.a(ff.o)
 .text.follow_path
                0x00407954      0x1e4 contiki-OrisenStamp.a(ff.o)
 .text.dir_register
                0x00407b38       0x88 contiki-OrisenStamp.a(ff.o)
 .text.f_lseek  0x00407bc0      0x1b4 contiki-OrisenStamp.a(ff.o)
                0x00407bc0                f_lseek
                0x00407bc8                .real_start_off_lseek
 .text.f_write  0x00407d74      0x220 contiki-OrisenStamp.a(ff.o)
                0x00407d7c                .real_start_off_write
                0x00407d74                f_write
 .text.f_read   0x00407f94      0x1cc contiki-OrisenStamp.a(ff.o)
                0x00407f9c                .real_start_off_read
                0x00407f94                f_read
 .text.sync     0x00408160       0xec contiki-OrisenStamp.a(ff.o)
 .text.f_sync   0x0040824c       0xc8 contiki-OrisenStamp.a(ff.o)
                0x00408254                .real_start_off_sync
                0x0040824c                f_sync
 .text.f_close  0x00408314       0x28 contiki-OrisenStamp.a(ff.o)
                0x0040831c                .real_start_off_close
                0x00408314                f_close
 .text.f_open   0x0040833c      0x184 contiki-OrisenStamp.a(ff.o)
                0x0040833c                f_open
                0x00408344                .real_start_off_open
 .text.xchg_spi
                0x004084c0       0x48 contiki-OrisenStamp.a(diskio.o)
                0x004084c8                .real_start_ofxchg_spi
                0x004084c0                xchg_spi
 .text.rcvr_spi_m
                0x00408508       0x24 contiki-OrisenStamp.a(diskio.o)
                0x00408510                .real_start_ofrcvr_spi_m
                0x00408508                rcvr_spi_m
 .text.wait_ready
                0x0040852c       0x38 contiki-OrisenStamp.a(diskio.o)
 .text.deselect
                0x00408564       0x28 contiki-OrisenStamp.a(diskio.o)
 .text.select   0x0040858c       0x48 contiki-OrisenStamp.a(diskio.o)
 .text.rcvr_datablock
                0x004085d4       0x74 contiki-OrisenStamp.a(diskio.o)
 .text.xmit_datablock
                0x00408648       0x74 contiki-OrisenStamp.a(diskio.o)
 .text.send_cmd
                0x004086bc       0xb4 contiki-OrisenStamp.a(diskio.o)
 .text.disk_initialize
                0x00408770      0x22c contiki-OrisenStamp.a(diskio.o)
                0x00408770                disk_initialize
                0x00408778                .real_start_ofdisk_initialize
 .text.disk_status
                0x0040899c       0x20 contiki-OrisenStamp.a(diskio.o)
                0x0040899c                disk_status
                0x004089a4                .real_start_ofdisk_status
 .text.disk_read
                0x004089bc       0xb8 contiki-OrisenStamp.a(diskio.o)
                0x004089c4                .real_start_ofdisk_read
                0x004089bc                disk_read
 .text.disk_write
                0x00408a74       0xd8 contiki-OrisenStamp.a(diskio.o)
                0x00408a7c                .real_start_ofdisk_write
                0x00408a74                disk_write
 .text.disk_ioctl
                0x00408b4c      0x1fc contiki-OrisenStamp.a(diskio.o)
                0x00408b4c                disk_ioctl
                0x00408b54                .real_start_ofdisk_ioctl
 .text.put_rc   0x00408d48       0x28 contiki-OrisenStamp.a(cfs-fat.o)
 .text.cfs_remove
                0x00408d70        0xc contiki-OrisenStamp.a(cfs-fat.o)
                0x00408d70                cfs_remove
                0x00408d78                .real_start_ofcfs_remove
 .text.cfs_opendir
                0x00408d7c       0x10 contiki-OrisenStamp.a(cfs-fat.o)
                0x00408d7c                cfs_opendir
                0x00408d84                .real_start_ofcfs_opendir
 .text.cfs_readdir
                0x00408d8c       0x10 contiki-OrisenStamp.a(cfs-fat.o)
                0x00408d8c                cfs_readdir
                0x00408d94                .real_start_ofcfs_readdir
 .text.cfs_closedir
                0x00408d9c        0xc contiki-OrisenStamp.a(cfs-fat.o)
                0x00408d9c                cfs_closedir
                0x00408da4                .real_start_ofcfs_closedir
 .text.cfs_seek
                0x00408da8       0x58 contiki-OrisenStamp.a(cfs-fat.o)
                0x00408db0                .real_start_ofcfs_seek
                0x00408da8                cfs_seek
 .text.cfs_write
                0x00408e00       0x6c contiki-OrisenStamp.a(cfs-fat.o)
                0x00408e00                cfs_write
                0x00408e08                .real_start_ofcfs_write
 .text.cfs_read
                0x00408e6c       0x38 contiki-OrisenStamp.a(cfs-fat.o)
                0x00408e6c                cfs_read
                0x00408e74                .real_start_ofcfs_read
 .text.cfs_close
                0x00408ea4       0x2c contiki-OrisenStamp.a(cfs-fat.o)
                0x00408eac                .real_start_ofcfs_close
                0x00408ea4                cfs_close
 .text.cfs_open
                0x00408ed0       0xc0 contiki-OrisenStamp.a(cfs-fat.o)
                0x00408ed8                .real_start_ofcfs_open
                0x00408ed0                cfs_open
 .text.M41T62_writeRegN
                0x00408f90       0x30 contiki-OrisenStamp.a(RTC.o)
                0x00408f98                .real_start_ofM41T62_writeRegN
                0x00408f90                M41T62_writeRegN
 .text.M41T62_writeReg
                0x00408fc0       0x58 contiki-OrisenStamp.a(RTC.o)
                0x00408fc8                .real_start_ofM41T62_writeReg
                0x00408fc0                M41T62_writeReg
 .text.M41T62_readRegN
                0x00409018       0x58 contiki-OrisenStamp.a(RTC.o)
                0x00409018                M41T62_readRegN
                0x00409020                .real_start_ofM41T62_readRegN
 .text.RTC_resetRegisters
                0x00409070       0x74 contiki-OrisenStamp.a(RTC.o)
                0x00409078                .real_start_ofRTC_resetRegisters
                0x00409070                RTC_resetRegisters
 .text.RTC_getTime
                0x004090e4       0xb8 contiki-OrisenStamp.a(RTC.o)
                0x004090ec                .real_start_ofRTC_getTime
                0x004090e4                RTC_getTime
 .text.M41T62_readReg
                0x0040919c       0x58 contiki-OrisenStamp.a(RTC.o)
                0x0040919c                M41T62_readReg
                0x004091a4                .real_start_ofM41T62_readReg
 .text.process_thread_RTC_process
                0x004091f4       0x7c contiki-OrisenStamp.a(RTC.o)
 .text.RTC_start
                0x00409270       0x40 contiki-OrisenStamp.a(RTC.o)
                0x00409270                RTC_start
                0x00409278                .real_start_ofRTC_start
 .text.RTC_stop
                0x004092b0       0x44 contiki-OrisenStamp.a(RTC.o)
                0x004092b8                .real_start_ofRTC_stop
                0x004092b0                RTC_stop
 .text.kbi5_isr
                0x004092f4       0x3c contiki-OrisenStamp.a(RTC.o)
                0x004092f4                kbi5_isr
                0x004092fc                .real_start_ofkbi5_isr
 .text.RTC_init
                0x00409330       0xc8 contiki-OrisenStamp.a(RTC.o)
                0x00409330                RTC_init
                0x00409338                .real_start_ofRTC_init
 .text.kbi_event_init
                0x004093f8       0xdc contiki-OrisenStamp.a(kbi_events.o)
                0x004093f8                kbi_event_init
                0x00409400                .real_start_ofkbi_event_init
 .text.process_thread_kbi_event_process
                0x004094d4       0xa4 contiki-OrisenStamp.a(kbi_events.o)
 .text.kbi7_isr
                0x00409578       0x44 contiki-OrisenStamp.a(kbi_events.o)
                0x00409578                kbi7_isr
                0x00409580                .real_start_ofkbi7_isr
 .text.kbi6_isr
                0x004095bc       0x44 contiki-OrisenStamp.a(kbi_events.o)
                0x004095c4                .real_start_ofkbi6_isr
                0x004095bc                kbi6_isr
 .text.ioPins_configurePin
                0x00409600      0x5d4 contiki-OrisenStamp.a(io-pins.o)
                0x00409608                .real_start_ofioPins_configurePin
                0x00409600                ioPins_configurePin
 .text.ioPins_init
                0x00409bd4       0x78 contiki-OrisenStamp.a(io-pins.o)
                0x00409bd4                ioPins_init
                0x00409bdc                .real_start_ofioPins_init
 .text.watchdog_reboot
                0x00409c4c        0xc contiki-OrisenStamp.a(watchdog.o)
                0x00409c54                .real_start_ofwatchdog_reboot
                0x00409c4c                watchdog_reboot
 .text.cal_ring_osc
                0x00409c58       0x6c contiki-OrisenStamp.a(contiki-crm.o)
                0x00409c58                cal_ring_osc
                0x00409c60                .real_start_ofcal_ring_osc
 .text.packetbuf_set_attr
                0x00409cc4       0x10 contiki-OrisenStamp.a(contiki-maca.o)
 .text.contiki_maca_init
                0x00409cd4        0xc contiki-OrisenStamp.a(contiki-maca.o)
                0x00409cdc                .real_start_ofcontiki_maca_init
                0x00409cd4                contiki_maca_init
 .text.contiki_maca_channel_clear
                0x00409ce0        0xc contiki-OrisenStamp.a(contiki-maca.o)
                0x00409ce8                .real_start_ofcontiki_maca_channel_clear
                0x00409ce0                contiki_maca_channel_clear
 .text.contiki_maca_receiving_packet
                0x00409cec        0xc contiki-OrisenStamp.a(contiki-maca.o)
                0x00409cec                contiki_maca_receiving_packet
                0x00409cf4                .real_start_ofcontiki_maca_receiving_packet
 .text.contiki_maca_pending_packet
                0x00409cf8       0x18 contiki-OrisenStamp.a(contiki-maca.o)
                0x00409d00                .real_start_ofcontiki_maca_pending_packet
                0x00409cf8                contiki_maca_pending_packet
 .text.contiki_maca_on_request
                0x00409d10       0x20 contiki-OrisenStamp.a(contiki-maca.o)
                0x00409d18                .real_start_ofcontiki_maca_on_request
                0x00409d10                contiki_maca_on_request
 .text.contiki_maca_off_request
                0x00409d30       0x20 contiki-OrisenStamp.a(contiki-maca.o)
                0x00409d30                contiki_maca_off_request
                0x00409d38                .real_start_ofcontiki_maca_off_request
 .text.maca_rx_callback
                0x00409d50       0x24 contiki-OrisenStamp.a(contiki-maca.o)
                0x00409d50                maca_rx_callback
                0x00409d58                .real_start_ofmaca_rx_callback
 .text.contiki_maca_prepare
                0x00409d74       0x44 contiki-OrisenStamp.a(contiki-maca.o)
                0x00409d7c                .real_start_ofcontiki_maca_prepare
                0x00409d74                contiki_maca_prepare
 .text.contiki_maca_transmit
                0x00409db8       0x58 contiki-OrisenStamp.a(contiki-maca.o)
                0x00409db8                contiki_maca_transmit
                0x00409dc0                .real_start_ofcontiki_maca_transmit
 .text.contiki_maca_send
                0x00409e10       0x4c contiki-OrisenStamp.a(contiki-maca.o)
                0x00409e18                .real_start_ofcontiki_maca_send
                0x00409e10                contiki_maca_send
 .text.contiki_maca_read
                0x00409e5c       0x74 contiki-OrisenStamp.a(contiki-maca.o)
                0x00409e64                .real_start_ofcontiki_maca_read
                0x00409e5c                contiki_maca_read
 .text.process_thread_contiki_maca_process
                0x00409ed0       0xb4 contiki-OrisenStamp.a(contiki-maca.o)
 .text.rand     0x00409f84       0x14 contiki-OrisenStamp.a(contiki-misc.o)
                0x00409f84                rand
                0x00409f8c                .real_start_ofrand
 .text.show_leds
                0x00409f98       0x28 contiki-OrisenStamp.a(leds.o)
 .text.leds_off
                0x00409fc0       0x30 contiki-OrisenStamp.a(leds.o)
                0x00409fc0                leds_off
                0x00409fc8                .real_start_ofleds_off
 .text.leds_on  0x00409ff0       0x30 contiki-OrisenStamp.a(leds.o)
                0x00409ff0                leds_on
                0x00409ff8                .real_start_ofleds_on
 .text.leds_init
                0x0040a020       0x30 contiki-OrisenStamp.a(leds.o)
                0x0040a028                .real_start_ofleds_init
                0x0040a020                leds_init
 .text.uart1_set_input
                0x0040a050       0x14 contiki-OrisenStamp.a(contiki-uart.o)
                0x0040a058                .real_start_ofuart1_set_input
                0x0040a050                uart1_set_input
 .text.printf   0x0040a064       0x34 contiki-OrisenStamp.a(dbg-printf.o)
                0x0040a064                printf
                0x0040a06c                .real_start_ofprintf
 .text.write_str
                0x0040a098       0x20 contiki-OrisenStamp.a(dbg-printf.o)
 .text.sprintf  0x0040a0b8       0x44 contiki-OrisenStamp.a(dbg-sprintf.o)
                0x0040a0c0                .real_start_ofsprintf
                0x0040a0b8                sprintf
 .text.buffer_str
                0x0040a0fc       0x24 contiki-OrisenStamp.a(dbg-sprintf.o)
 .text.parse_uint
                0x0040a120       0x28 contiki-OrisenStamp.a(strformat.o)
 .text.output_uint_hex
                0x0040a148       0x48 contiki-OrisenStamp.a(strformat.o)
 .text.fill_space
                0x0040a190       0x40 contiki-OrisenStamp.a(strformat.o)
 .text.format_str_v
                0x0040a1d0      0x760 contiki-OrisenStamp.a(strformat.o)
                0x0040a1d0                format_str_v
                0x0040a1d8                .real_start_offormat_str_v
 .text.adc_init
                0x0040a930       0x8c contiki-OrisenStamp.a(adc.o)
                0x0040a938                .real_start_ofadc_init
                0x0040a930                adc_init
 .text.gpio_data_get
                0x0040a9bc       0x34 contiki-OrisenStamp.a(gpio.o)
                0x0040a9bc                gpio_data_get
                0x0040a9c4                .real_start_ofgpio_data_get
 .text.gpio_select_function
                0x0040a9f0       0x30 contiki-OrisenStamp.a(gpio-util.o)
                0x0040a9f8                .real_start_ofgpio_select_function
                0x0040a9f0                gpio_select_function
 .text.gpio_reg_set
                0x0040aa20       0x20 contiki-OrisenStamp.a(gpio-util.o)
                0x0040aa20                gpio_reg_set
                0x0040aa28                .real_start_ofgpio_reg_set
 .text.gpio_reg_clear
                0x0040aa40       0x20 contiki-OrisenStamp.a(gpio-util.o)
                0x0040aa48                .real_start_ofgpio_reg_clear
                0x0040aa40                gpio_reg_clear
 .text.gpio_set_pad_dir
                0x0040aa60       0x44 contiki-OrisenStamp.a(gpio-util.o)
                0x0040aa60                gpio_set_pad_dir
                0x0040aa68                .real_start_ofgpio_set_pad_dir
 .text.i2c_force_reset
                0x0040aaa4       0x24 contiki-OrisenStamp.a(i2c.o)
                0x0040aaac                .real_start_ofi2c_force_reset
                0x0040aaa4                i2c_force_reset
 .text.i2c_busy
                0x0040aac8       0x1c contiki-OrisenStamp.a(i2c.o)
                0x0040aac8                i2c_busy
                0x0040aad0                .real_start_ofi2c_busy
 .text.i2c_transferred
                0x0040aae4       0x50 contiki-OrisenStamp.a(i2c.o)
                0x0040aae4                i2c_transferred
                0x0040aaec                .real_start_ofi2c_transferred
 .text.i2c_enable
                0x0040ab34       0x64 contiki-OrisenStamp.a(i2c.o)
                0x0040ab3c                .real_start_ofi2c_enable
                0x0040ab34                i2c_enable
 .text.i2c_isr  0x0040ab98      0x114 contiki-OrisenStamp.a(i2c.o)
                0x0040aba0                .real_start_ofi2c_isr
                0x0040ab98                i2c_isr
 .text.i2c_transmitinit
                0x0040acac       0xc4 contiki-OrisenStamp.a(i2c.o)
                0x0040acac                i2c_transmitinit
                0x0040acb4                .real_start_ofi2c_transmitinit
 .text.i2c_receiveinit
                0x0040ad70       0xd0 contiki-OrisenStamp.a(i2c.o)
                0x0040ad70                i2c_receiveinit
                0x0040ad78                .real_start_ofi2c_receiveinit
 .text.free_packet
                0x0040ae40       0x64 contiki-OrisenStamp.a(maca.o)
                0x0040ae40                free_packet
                0x0040ae48                .real_start_offree_packet
 .text.get_free_packet
                0x0040aea4       0x54 contiki-OrisenStamp.a(maca.o)
                0x0040aea4                get_free_packet
                0x0040aeac                .real_start_ofget_free_packet
 .text.post_receive
                0x0040aef8       0xbc contiki-OrisenStamp.a(maca.o)
                0x0040aef8                post_receive
                0x0040af00                .real_start_ofpost_receive
 .text.rx_packet
                0x0040afb4       0x54 contiki-OrisenStamp.a(maca.o)
                0x0040afbc                .real_start_ofrx_packet
                0x0040afb4                rx_packet
 .text.post_tx  0x0040b008       0xdc contiki-OrisenStamp.a(maca.o)
                0x0040b008                post_tx
                0x0040b010                .real_start_ofpost_tx
 .text.tx_packet
                0x0040b0e4       0x98 contiki-OrisenStamp.a(maca.o)
                0x0040b0ec                .real_start_oftx_packet
                0x0040b0e4                tx_packet
 .text.free_all_packets
                0x0040b17c       0x94 contiki-OrisenStamp.a(maca.o)
                0x0040b184                .real_start_offree_all_packets
                0x0040b17c                free_all_packets
 .text.free_tx_head
                0x0040b210       0x64 contiki-OrisenStamp.a(maca.o)
                0x0040b210                free_tx_head
                0x0040b218                .real_start_offree_tx_head
 .text.add_to_rx
                0x0040b274       0x70 contiki-OrisenStamp.a(maca.o)
                0x0040b27c                .real_start_ofadd_to_rx
                0x0040b274                add_to_rx
 .text.insert_at_rx_head
                0x0040b2e4       0x70 contiki-OrisenStamp.a(maca.o)
                0x0040b2ec                .real_start_ofinsert_at_rx_head
                0x0040b2e4                insert_at_rx_head
 .text.init_phy
                0x0040b354       0x68 contiki-OrisenStamp.a(maca.o)
                0x0040b35c                .real_start_ofinit_phy
                0x0040b354                init_phy
 .text.reset_maca
                0x0040b3bc       0x5c contiki-OrisenStamp.a(maca.o)
                0x0040b3bc                reset_maca
                0x0040b3c4                .real_start_ofreset_maca
 .text.flyback_init
                0x0040b418       0x3c contiki-OrisenStamp.a(maca.o)
                0x0040b418                flyback_init
                0x0040b420                .real_start_offlyback_init
 .text.get_ctov
                0x0040b454       0x24 contiki-OrisenStamp.a(maca.o)
                0x0040b45c                .real_start_ofget_ctov
                0x0040b454                get_ctov
 .text.set_power
                0x0040b478       0x78 contiki-OrisenStamp.a(maca.o)
                0x0040b478                set_power
                0x0040b480                .real_start_ofset_power
 .text.set_channel
                0x0040b4f0       0xc8 contiki-OrisenStamp.a(maca.o)
                0x0040b4f0                set_channel
                0x0040b4f8                .real_start_ofset_channel
 .text.exec_init_entry
                0x0040b5b8       0x88 contiki-OrisenStamp.a(maca.o)
                0x0040b5b8                exec_init_entry
                0x0040b5c0                .real_start_ofexec_init_entry
 .text.init_from_flash
                0x0040b640       0xe0 contiki-OrisenStamp.a(maca.o)
                0x0040b648                .real_start_ofinit_from_flash
                0x0040b640                init_from_flash
 .text.radio_init
                0x0040b720      0x218 contiki-OrisenStamp.a(maca.o)
                0x0040b728                .real_start_ofradio_init
                0x0040b720                radio_init
 .text.maca_init
                0x0040b938       0xbc contiki-OrisenStamp.a(maca.o)
                0x0040b940                .real_start_ofmaca_init
                0x0040b938                maca_init
 .text.ResumeMACASync
                0x0040b9f4       0xe0 contiki-OrisenStamp.a(maca.o)
                0x0040b9f4                ResumeMACASync
                0x0040b9fc                .real_start_ofResumeMACASync
 .text.decode_status
                0x0040bad4       0x48 contiki-OrisenStamp.a(maca.o)
                0x0040bad4                decode_status
                0x0040badc                .real_start_ofdecode_status
 .text.check_maca
                0x0040bb1c       0xc8 contiki-OrisenStamp.a(maca.o)
                0x0040bb1c                check_maca
                0x0040bb24                .real_start_ofcheck_maca
 .text.maca_isr
                0x0040bbe4      0x1dc contiki-OrisenStamp.a(maca.o)
                0x0040bbec                .real_start_ofmaca_isr
                0x0040bbe4                maca_isr
 .text.uart1_isr
                0x0040bdc0       0xc8 contiki-OrisenStamp.a(uart1.o)
                0x0040bdc0                uart1_isr
                0x0040bdc8                .real_start_ofuart1_isr
 .text.uart1_putc
                0x0040be88       0xa8 contiki-OrisenStamp.a(uart1.o)
                0x0040be90                .real_start_ofuart1_putc
                0x0040be88                uart1_putc
 .text.uart1_getc
                0x0040bf30       0x64 contiki-OrisenStamp.a(uart1.o)
                0x0040bf30                uart1_getc
                0x0040bf38                .real_start_ofuart1_getc
 .text.uart2_putc
                0x0040bf94       0xa8 contiki-OrisenStamp.a(uart2.o)
                0x0040bf9c                .real_start_ofuart2_putc
                0x0040bf94                uart2_putc
 .text.uart2_isr
                0x0040c03c       0x9c contiki-OrisenStamp.a(uart2.o)
                0x0040c03c                uart2_isr
                0x0040c044                .real_start_ofuart2_isr
 .text.default_vreg_init
                0x0040c0d8       0x4c contiki-OrisenStamp.a(default_lowleve)
                0x0040c0e0                .real_start_ofdefault_vreg_init
                0x0040c0d8                default_vreg_init
 .text.uart1_init
                0x0040c124       0xdc contiki-OrisenStamp.a(default_lowleve)
                0x0040c124                uart1_init
                0x0040c12c                .real_start_ofuart1_init
 .text.uart2_init
                0x0040c200       0xd0 contiki-OrisenStamp.a(default_lowleve)
                0x0040c200                uart2_init
                0x0040c208                .real_start_ofuart2_init
 .text.sent_by_broadcast
                0x0040c2d0       0x18 contiki-OrisenStamp.a(unicast.o)
 .text.unicast_send
                0x0040c2e8       0x34 contiki-OrisenStamp.a(unicast.o)
                0x0040c2e8                unicast_send
                0x0040c2f0                .real_start_ofunicast_send
 .text.unicast_close
                0x0040c31c       0x20 contiki-OrisenStamp.a(unicast.o)
                0x0040c31c                unicast_close
                0x0040c324                .real_start_ofunicast_close
 .text.unicast_open
                0x0040c33c       0x40 contiki-OrisenStamp.a(unicast.o)
                0x0040c33c                unicast_open
                0x0040c344                .real_start_ofunicast_open
 .text.recv_from_broadcast
                0x0040c37c       0x38 contiki-OrisenStamp.a(unicast.o)
 .text.sent     0x0040c3b4        0x4 contiki-OrisenStamp.a(ipolite.o)
 .text.ipolite_send
                0x0040c3b8       0xa4 contiki-OrisenStamp.a(ipolite.o)
                0x0040c3b8                ipolite_send
                0x0040c3c0                .real_start_ofipolite_send
 .text.send     0x0040c45c       0x48 contiki-OrisenStamp.a(ipolite.o)
 .text.ipolite_close
                0x0040c4a4       0x44 contiki-OrisenStamp.a(ipolite.o)
                0x0040c4a4                ipolite_close
                0x0040c4ac                .real_start_ofipolite_close
 .text.ipolite_open
                0x0040c4e8       0x30 contiki-OrisenStamp.a(ipolite.o)
                0x0040c4e8                ipolite_open
                0x0040c4f0                .real_start_ofipolite_open
 .text.recv     0x0040c518       0xcc contiki-OrisenStamp.a(ipolite.o)
 .text.sent     0x0040c5e4       0x18 contiki-OrisenStamp.a(netflood.o)
 .text.dropped  0x0040c5fc       0x18 contiki-OrisenStamp.a(netflood.o)
 .text.netflood_send
                0x0040c614       0x80 contiki-OrisenStamp.a(netflood.o)
                0x0040c61c                .real_start_ofnetflood_send
                0x0040c614                netflood_send
 .text.netflood_close
                0x0040c694       0x20 contiki-OrisenStamp.a(netflood.o)
                0x0040c694                netflood_close
                0x0040c69c                .real_start_ofnetflood_close
 .text.netflood_open
                0x0040c6b4       0x34 contiki-OrisenStamp.a(netflood.o)
                0x0040c6b4                netflood_open
                0x0040c6bc                .real_start_ofnetflood_open
 .text.recv_from_ipolite
                0x0040c6e8      0x118 contiki-OrisenStamp.a(netflood.o)
 .text.packetbuf_set_attr
                0x0040c800       0x10 contiki-OrisenStamp.a(multihop.o)
 .text.packetbuf_addr
                0x0040c810       0x10 contiki-OrisenStamp.a(multihop.o)
 .text.multihop_resend
                0x0040c820       0x20 contiki-OrisenStamp.a(multihop.o)
                0x0040c820                multihop_resend
                0x0040c828                .real_start_ofmultihop_resend
 .text.packetbuf_set_addr
                0x0040c840       0x28 contiki-OrisenStamp.a(multihop.o)
 .text.multihop_send
                0x0040c868       0x84 contiki-OrisenStamp.a(multihop.o)
                0x0040c870                .real_start_ofmultihop_send
                0x0040c868                multihop_send
 .text.multihop_close
                0x0040c8ec       0x20 contiki-OrisenStamp.a(multihop.o)
                0x0040c8ec                multihop_close
                0x0040c8f4                .real_start_ofmultihop_close
 .text.multihop_open
                0x0040c90c       0x40 contiki-OrisenStamp.a(multihop.o)
                0x0040c914                .real_start_ofmultihop_open
                0x0040c90c                multihop_open
 .text.data_packet_received
                0x0040c94c       0xd0 contiki-OrisenStamp.a(multihop.o)
                0x0040c94c                data_packet_received
                0x0040c954                .real_start_ofdata_packet_received
 .text.set_timer
                0x0040ca1c       0x24 contiki-OrisenStamp.a(trickle.o)
 .text.send     0x0040ca40       0x2c contiki-OrisenStamp.a(trickle.o)
 .text.run_trickle
                0x0040ca6c       0xac contiki-OrisenStamp.a(trickle.o)
 .text.reset_interval
                0x0040cb18       0x20 contiki-OrisenStamp.a(trickle.o)
 .text.timer_callback
                0x0040cb38       0x18 contiki-OrisenStamp.a(trickle.o)
 .text.trickle_send
                0x0040cb50       0x64 contiki-OrisenStamp.a(trickle.o)
                0x0040cb58                .real_start_oftrickle_send
                0x0040cb50                trickle_send
 .text.recv     0x0040cbb4       0xb8 contiki-OrisenStamp.a(trickle.o)
 .text.trickle_close
                0x0040cc6c       0x38 contiki-OrisenStamp.a(trickle.o)
                0x0040cc6c                trickle_close
                0x0040cc74                .real_start_oftrickle_close
 .text.trickle_open
                0x0040cca4       0x50 contiki-OrisenStamp.a(trickle.o)
                0x0040ccac                .real_start_oftrickle_open
                0x0040cca4                trickle_open
 .text.addr_len
                0x0040ccf4       0x18 contiki-OrisenStamp.a(frame802154.o)
 .text.frame802154_parse
                0x0040cd0c      0x14c contiki-OrisenStamp.a(frame802154.o)
                0x0040cd14                .real_start_offrame802154_parse
                0x0040cd0c                frame802154_parse
 .text.field_len
                0x0040ce58       0x74 contiki-OrisenStamp.a(frame802154.o)
 .text.frame802154_create
                0x0040cecc      0x114 contiki-OrisenStamp.a(frame802154.o)
                0x0040cecc                frame802154_create
                0x0040ced4                .real_start_offrame802154_create
 .text.frame802154_hdrlen
                0x0040cfe0       0x40 contiki-OrisenStamp.a(frame802154.o)
                0x0040cfe0                frame802154_hdrlen
                0x0040cfe8                .real_start_offrame802154_hdrlen
 .text.timer_reset
                0x0040d020       0x14 contiki-OrisenStamp.a(timer.o)
                0x0040d028                .real_start_oftimer_reset
                0x0040d020                timer_reset
 .text.timer_expired
                0x0040d034       0x30 contiki-OrisenStamp.a(timer.o)
                0x0040d034                timer_expired
                0x0040d03c                .real_start_oftimer_expired
 .text.timer_set
                0x0040d064       0x24 contiki-OrisenStamp.a(timer.o)
                0x0040d06c                .real_start_oftimer_set
                0x0040d064                timer_set
 .text.dbg_send_bytes
                0x0040d088       0x3c contiki-OrisenStamp.a(debug-uart.o)
                0x0040d088                dbg_send_bytes
                0x0040d090                .real_start_ofdbg_send_bytes
 .text.leds_arch_set
                0x0040d0c4       0x54 contiki-OrisenStamp.a(leds-arch.o)
                0x0040d0cc                .real_start_ofleds_arch_set
                0x0040d0c4                leds_arch_set
 .text.leds_arch_init
                0x0040d118       0x68 contiki-OrisenStamp.a(leds-arch.o)
                0x0040d118                leds_arch_init
                0x0040d120                .real_start_ofleds_arch_init
 .text          0x0040d180      0x114 /home/user/CodeSourcery/Sourcery_G++_Lite/bin/../lib/gcc/arm-none-eabi/4.3.2/libgcc.a(_udivsi3.o)
                0x0040d180                __udivsi3
                0x0040d180                __aeabi_uidiv
                0x0040d274                __aeabi_uidivmod
 .text          0x0040d294      0x148 /home/user/CodeSourcery/Sourcery_G++_Lite/bin/../lib/gcc/arm-none-eabi/4.3.2/libgcc.a(_divsi3.o)
                0x0040d294                __aeabi_idiv
                0x0040d294                __divsi3
                0x0040d3bc                __aeabi_idivmod
 .text          0x0040d3dc        0x4 /home/user/CodeSourcery/Sourcery_G++_Lite/bin/../lib/gcc/arm-none-eabi/4.3.2/libgcc.a(_dvmd_tls.o)
                0x0040d3dc                __aeabi_ldiv0
                0x0040d3dc                __aeabi_idiv0
 .text          0x0040d3e0       0x3c /home/user/CodeSourcery/Sourcery_G++_Lite/bin/../lib/gcc/arm-none-eabi/4.3.2/libgcc.a(_aeabi_uldivmod.o)
                0x0040d3e0                __aeabi_uldivmod
 .text          0x0040d41c       0x80 /home/user/CodeSourcery/Sourcery_G++_Lite/bin/../lib/gcc/arm-none-eabi/4.3.2/libgcc.a(bpabi.o)
                0x0040d41c                __gnu_uldivmod_helper
                0x0040d45c                __gnu_ldivmod_helper
 .text          0x0040d49c      0x56c /home/user/CodeSourcery/Sourcery_G++_Lite/bin/../lib/gcc/arm-none-eabi/4.3.2/libgcc.a(_divdi3.o)
                0x0040d49c                __divdi3
 .text          0x0040da08      0x4fc /home/user/CodeSourcery/Sourcery_G++_Lite/bin/../lib/gcc/arm-none-eabi/4.3.2/libgcc.a(_udivdi3.o)
                0x0040da08                __udivdi3
 .text          0x0040df04       0xac /home/user/CodeSourcery/Sourcery_G++_Lite/bin/../lib/gcc/arm-none-eabi/4.3.2/../../../../arm-none-eabi/lib/libc.a(lib_a-memcmp.o)
                0x0040df04                memcmp
 .text          0x0040dfb0       0xfc /home/user/CodeSourcery/Sourcery_G++_Lite/bin/../lib/gcc/arm-none-eabi/4.3.2/../../../../arm-none-eabi/lib/libc.a(lib_a-memcpy.o)
                0x0040dfb0                memcpy
 .text          0x0040e0ac       0xd0 /home/user/CodeSourcery/Sourcery_G++_Lite/bin/../lib/gcc/arm-none-eabi/4.3.2/../../../../arm-none-eabi/lib/libc.a(lib_a-memset.o)
                0x0040e0ac                memset
 .text          0x0040e17c      0x134 /home/user/CodeSourcery/Sourcery_G++_Lite/bin/../lib/gcc/arm-none-eabi/4.3.2/../../../../arm-none-eabi/lib/libc.a(lib_a-strchr.o)
                0x0040e17c                strchr
 .text          0x0040e2b0       0xe8 /home/user/CodeSourcery/Sourcery_G++_Lite/bin/../lib/gcc/arm-none-eabi/4.3.2/../../../../arm-none-eabi/lib/libc.a(lib_a-strcmp.o)
                0x0040e2b0                strcmp
 .text          0x0040e398       0x9c /home/user/CodeSourcery/Sourcery_G++_Lite/bin/../lib/gcc/arm-none-eabi/4.3.2/../../../../arm-none-eabi/lib/libc.a(lib_a-strlen.o)
                0x0040e398                strlen
 .text          0x0040e434      0x144 /home/user/CodeSourcery/Sourcery_G++_Lite/bin/../lib/gcc/arm-none-eabi/4.3.2/../../../../arm-none-eabi/lib/libc.a(lib_a-strncmp.o)
                0x0040e434                strncmp
 .text          0x0040e578      0x10c /home/user/CodeSourcery/Sourcery_G++_Lite/bin/../lib/gcc/arm-none-eabi/4.3.2/../../../../arm-none-eabi/lib/libc.a(lib_a-strncpy.o)
                0x0040e578                strncpy
 .text          0x0040e684      0x878 /home/user/CodeSourcery/Sourcery_G++_Lite/bin/../lib/gcc/arm-none-eabi/4.3.2/../../../../arm-none-eabi/lib/libc.a(lib_a-strstr.o)
                0x0040eb60                strstr
 .text          0x0040eefc      0x118 /home/user/CodeSourcery/Sourcery_G++_Lite/bin/../lib/gcc/arm-none-eabi/4.3.2/../../../../arm-none-eabi/lib/libc.a(lib_a-memchr.o)
                0x0040eefc                memchr
 *(.gnu.warning)
 *(.glue_7t)
 .glue_7t       0x0040f014        0x0 boot.co
 .glue_7t       0x0040f014        0x0 obj_OrisenStamp/commands.o
 .glue_7t       0x0040f014        0x0 obj_OrisenStamp/uart2_handler.o
 .glue_7t       0x0040f014        0x0 obj_OrisenStamp/mesh_my.o
 .glue_7t       0x0040f014        0x0 obj_OrisenStamp/rudolph1_my.o
 .glue_7t       0x0040f014        0x0 obj_OrisenStamp/settings_read.o
 .glue_7t       0x0040f014        0x0 obj_OrisenStamp/uarts_test.o
 .glue_7t       0x0040f014        0x0 obj_OrisenStamp/contiki-stamp-main.o
 .glue_7t       0x0040f014        0x0 obj_OrisenStamp/start.o
 .glue_7t       0x0040f014        0x0 contiki-OrisenStamp.a(rimeaddr.o)
 .glue_7t       0x0040f014        0x0 contiki-OrisenStamp.a(rime.o)
 .glue_7t       0x0040f014        0x0 contiki-OrisenStamp.a(rimestats.o)
 .glue_7t       0x0040f014        0x0 contiki-OrisenStamp.a(announcement.o)
 .glue_7t       0x0040f014        0x0 contiki-OrisenStamp.a(broadcast-annou)
 .glue_7t       0x0040f014        0x0 contiki-OrisenStamp.a(broadcast.o)
 .glue_7t       0x0040f014        0x0 contiki-OrisenStamp.a(abc.o)
 .glue_7t       0x0040f014        0x0 contiki-OrisenStamp.a(mesh.o)
 .glue_7t       0x0040f014        0x0 contiki-OrisenStamp.a(route.o)
 .glue_7t       0x0040f014        0x0 contiki-OrisenStamp.a(route-discovery)
 .glue_7t       0x0040f014        0x0 contiki-OrisenStamp.a(rudolph1.o)
 .glue_7t       0x0040f014        0x0 contiki-OrisenStamp.a(chameleon.o)
 .glue_7t       0x0040f014        0x0 contiki-OrisenStamp.a(channel.o)
 .glue_7t       0x0040f014        0x0 contiki-OrisenStamp.a(chameleon-bitop)
 .glue_7t       0x0040f014        0x0 contiki-OrisenStamp.a(nullrdc.o)
 .glue_7t       0x0040f014        0x0 contiki-OrisenStamp.a(mac.o)
 .glue_7t       0x0040f014        0x0 contiki-OrisenStamp.a(framer-802154.o)
 .glue_7t       0x0040f014        0x0 contiki-OrisenStamp.a(csma.o)
 .glue_7t       0x0040f014        0x0 contiki-OrisenStamp.a(process.o)
 .glue_7t       0x0040f014        0x0 contiki-OrisenStamp.a(autostart.o)
 .glue_7t       0x0040f014        0x0 contiki-OrisenStamp.a(serial-line.o)
 .glue_7t       0x0040f014        0x0 contiki-OrisenStamp.a(memb.o)
 .glue_7t       0x0040f014        0x0 contiki-OrisenStamp.a(list.o)
 .glue_7t       0x0040f014        0x0 contiki-OrisenStamp.a(etimer.o)
 .glue_7t       0x0040f014        0x0 contiki-OrisenStamp.a(ctimer.o)
 .glue_7t       0x0040f014        0x0 contiki-OrisenStamp.a(random.o)
 .glue_7t       0x0040f014        0x0 contiki-OrisenStamp.a(ringbuf.o)
 .glue_7t       0x0040f014        0x0 contiki-OrisenStamp.a(packetbuf.o)
 .glue_7t       0x0040f014        0x0 contiki-OrisenStamp.a(queuebuf.o)
 .glue_7t       0x0040f014        0x0 contiki-OrisenStamp.a(serial-shell.o)
 .glue_7t       0x0040f014        0x0 contiki-OrisenStamp.a(shell.o)
 .glue_7t       0x0040f014        0x0 contiki-OrisenStamp.a(shell-reboot.o)
 .glue_7t       0x0040f014        0x0 contiki-OrisenStamp.a(shell-file.o)
 .glue_7t       0x0040f014        0x0 contiki-OrisenStamp.a(clock.o)
 .glue_7t       0x0040f014        0x0 contiki-OrisenStamp.a(button-sensor.o)
 .glue_7t       0x0040f014        0x0 contiki-OrisenStamp.a(sensors.o)
 .glue_7t       0x0040f014        0x0 contiki-OrisenStamp.a(uSDcard.o)
 .glue_7t       0x0040f014        0x0 contiki-OrisenStamp.a(ff.o)
 .glue_7t       0x0040f014        0x0 contiki-OrisenStamp.a(diskio.o)
 .glue_7t       0x0040f014        0x0 contiki-OrisenStamp.a(cfs-fat.o)
 .glue_7t       0x0040f014        0x0 contiki-OrisenStamp.a(RTC.o)
 .glue_7t       0x0040f014        0x0 contiki-OrisenStamp.a(kbi_events.o)
 .glue_7t       0x0040f014        0x0 contiki-OrisenStamp.a(io-pins.o)
 .glue_7t       0x0040f014        0x0 contiki-OrisenStamp.a(watchdog.o)
 .glue_7t       0x0040f014        0x0 contiki-OrisenStamp.a(contiki-crm.o)
 .glue_7t       0x0040f014        0x0 contiki-OrisenStamp.a(contiki-maca.o)
 .glue_7t       0x0040f014        0x0 contiki-OrisenStamp.a(contiki-misc.o)
 .glue_7t       0x0040f014        0x0 contiki-OrisenStamp.a(leds.o)
 .glue_7t       0x0040f014        0x0 contiki-OrisenStamp.a(contiki-uart.o)
 .glue_7t       0x0040f014        0x0 contiki-OrisenStamp.a(dbg-printf.o)
 .glue_7t       0x0040f014        0x0 contiki-OrisenStamp.a(dbg-sprintf.o)
 .glue_7t       0x0040f014        0x0 contiki-OrisenStamp.a(strformat.o)
 .glue_7t       0x0040f014        0x0 contiki-OrisenStamp.a(adc.o)
 .glue_7t       0x0040f014        0x0 contiki-OrisenStamp.a(gpio.o)
 .glue_7t       0x0040f014        0x0 contiki-OrisenStamp.a(gpio-util.o)
 .glue_7t       0x0040f014        0x0 contiki-OrisenStamp.a(i2c.o)
 .glue_7t       0x0040f014        0x0 contiki-OrisenStamp.a(maca.o)
 .glue_7t       0x0040f014        0x0 contiki-OrisenStamp.a(nvm.o)
 .glue_7t       0x0040f014        0x0 contiki-OrisenStamp.a(uart1.o)
 .glue_7t       0x0040f014        0x0 contiki-OrisenStamp.a(uart2.o)
 .glue_7t       0x0040f014        0x0 contiki-OrisenStamp.a(default_lowleve)
 .glue_7t       0x0040f014        0x0 contiki-OrisenStamp.a(isr.o)
 .glue_7t       0x0040f014        0x0 contiki-OrisenStamp.a(unicast.o)
 .glue_7t       0x0040f014        0x0 contiki-OrisenStamp.a(ipolite.o)
 .glue_7t       0x0040f014        0x0 contiki-OrisenStamp.a(netflood.o)
 .glue_7t       0x0040f014        0x0 contiki-OrisenStamp.a(multihop.o)
 .glue_7t       0x0040f014        0x0 contiki-OrisenStamp.a(trickle.o)
 .glue_7t       0x0040f014        0x0 contiki-OrisenStamp.a(frame802154.o)
 .glue_7t       0x0040f014        0x0 contiki-OrisenStamp.a(timer.o)
 .glue_7t       0x0040f014        0x0 contiki-OrisenStamp.a(debug-uart.o)
 .glue_7t       0x0040f014        0x0 contiki-OrisenStamp.a(leds-arch.o)
 .glue_7t       0x0040f014        0x0 /home/user/CodeSourcery/Sourcery_G++_Lite/bin/../lib/gcc/arm-none-eabi/4.3.2/libgcc.a(_udivsi3.o)
 .glue_7t       0x0040f014        0x0 /home/user/CodeSourcery/Sourcery_G++_Lite/bin/../lib/gcc/arm-none-eabi/4.3.2/libgcc.a(_divsi3.o)
 .glue_7t       0x0040f014        0x0 /home/user/CodeSourcery/Sourcery_G++_Lite/bin/../lib/gcc/arm-none-eabi/4.3.2/libgcc.a(_dvmd_tls.o)
 .glue_7t       0x0040f014        0x0 /home/user/CodeSourcery/Sourcery_G++_Lite/bin/../lib/gcc/arm-none-eabi/4.3.2/libgcc.a(_aeabi_uldivmod.o)
 .glue_7t       0x0040f014        0x0 /home/user/CodeSourcery/Sourcery_G++_Lite/bin/../lib/gcc/arm-none-eabi/4.3.2/libgcc.a(bpabi.o)
 .glue_7t       0x0040f014        0x0 /home/user/CodeSourcery/Sourcery_G++_Lite/bin/../lib/gcc/arm-none-eabi/4.3.2/libgcc.a(_divdi3.o)
 .glue_7t       0x0040f014        0x0 /home/user/CodeSourcery/Sourcery_G++_Lite/bin/../lib/gcc/arm-none-eabi/4.3.2/libgcc.a(_udivdi3.o)
 .glue_7t       0x0040f014        0x0 /home/user/CodeSourcery/Sourcery_G++_Lite/bin/../lib/gcc/arm-none-eabi/4.3.2/libgcc.a(_clz.o)
 .glue_7t       0x0040f014        0x0 /home/user/CodeSourcery/Sourcery_G++_Lite/bin/../lib/gcc/arm-none-eabi/4.3.2/../../../../arm-none-eabi/lib/libc.a(lib_a-ctype_.o)
 .glue_7t       0x0040f014        0x0 /home/user/CodeSourcery/Sourcery_G++_Lite/bin/../lib/gcc/arm-none-eabi/4.3.2/../../../../arm-none-eabi/lib/libc.a(lib_a-memcmp.o)
 .glue_7t       0x0040f014        0x0 /home/user/CodeSourcery/Sourcery_G++_Lite/bin/../lib/gcc/arm-none-eabi/4.3.2/../../../../arm-none-eabi/lib/libc.a(lib_a-memcpy.o)
 .glue_7t       0x0040f014        0x0 /home/user/CodeSourcery/Sourcery_G++_Lite/bin/../lib/gcc/arm-none-eabi/4.3.2/../../../../arm-none-eabi/lib/libc.a(lib_a-memset.o)
 .glue_7t       0x0040f014        0x0 /home/user/CodeSourcery/Sourcery_G++_Lite/bin/../lib/gcc/arm-none-eabi/4.3.2/../../../../arm-none-eabi/lib/libc.a(lib_a-strchr.o)
 .glue_7t       0x0040f014        0x0 /home/user/CodeSourcery/Sourcery_G++_Lite/bin/../lib/gcc/arm-none-eabi/4.3.2/../../../../arm-none-eabi/lib/libc.a(lib_a-strcmp.o)
 .glue_7t       0x0040f014        0x0 /home/user/CodeSourcery/Sourcery_G++_Lite/bin/../lib/gcc/arm-none-eabi/4.3.2/../../../../arm-none-eabi/lib/libc.a(lib_a-strlen.o)
 .glue_7t       0x0040f014        0x0 /home/user/CodeSourcery/Sourcery_G++_Lite/bin/../lib/gcc/arm-none-eabi/4.3.2/../../../../arm-none-eabi/lib/libc.a(lib_a-strncmp.o)
 .glue_7t       0x0040f014        0x0 /home/user/CodeSourcery/Sourcery_G++_Lite/bin/../lib/gcc/arm-none-eabi/4.3.2/../../../../arm-none-eabi/lib/libc.a(lib_a-strncpy.o)
 .glue_7t       0x0040f014        0x0 /home/user/CodeSourcery/Sourcery_G++_Lite/bin/../lib/gcc/arm-none-eabi/4.3.2/../../../../arm-none-eabi/lib/libc.a(lib_a-strstr.o)
 .glue_7t       0x0040f014        0x0 /home/user/CodeSourcery/Sourcery_G++_Lite/bin/../lib/gcc/arm-none-eabi/4.3.2/../../../../arm-none-eabi/lib/libc.a(lib_a-memchr.o)
 *(.glue_7)
 .glue_7        0x0040f014        0x0 boot.co
 .glue_7        0x0040f014        0x0 obj_OrisenStamp/commands.o
 .glue_7        0x0040f014        0x0 obj_OrisenStamp/uart2_handler.o
 .glue_7        0x0040f014        0x0 obj_OrisenStamp/mesh_my.o
 .glue_7        0x0040f014        0x0 obj_OrisenStamp/rudolph1_my.o
 .glue_7        0x0040f014        0x0 obj_OrisenStamp/settings_read.o
 .glue_7        0x0040f014        0x0 obj_OrisenStamp/uarts_test.o
 .glue_7        0x0040f014        0x0 obj_OrisenStamp/contiki-stamp-main.o
 .glue_7        0x0040f014        0x0 obj_OrisenStamp/start.o
 .glue_7        0x0040f014        0x0 contiki-OrisenStamp.a(rimeaddr.o)
 .glue_7        0x0040f014        0x0 contiki-OrisenStamp.a(rime.o)
 .glue_7        0x0040f014        0x0 contiki-OrisenStamp.a(rimestats.o)
 .glue_7        0x0040f014        0x0 contiki-OrisenStamp.a(announcement.o)
 .glue_7        0x0040f014        0x0 contiki-OrisenStamp.a(broadcast-annou)
 .glue_7        0x0040f014        0x0 contiki-OrisenStamp.a(broadcast.o)
 .glue_7        0x0040f014        0x0 contiki-OrisenStamp.a(abc.o)
 .glue_7        0x0040f014        0x0 contiki-OrisenStamp.a(mesh.o)